Component: ARM Compiler 5.06 update 7 (build 960) Tool: armlink [4d3601]

==============================================================================

Section Cross References

    startup_stm32f407xx.o(STACK) refers (Special) to heapauxi.o(.text) for __use_two_region_memory
    startup_stm32f407xx.o(HEAP) refers (Special) to heapauxi.o(.text) for __use_two_region_memory
    startup_stm32f407xx.o(RESET) refers (Special) to heapauxi.o(.text) for __use_two_region_memory
    startup_stm32f407xx.o(RESET) refers to startup_stm32f407xx.o(STACK) for __initial_sp
    startup_stm32f407xx.o(RESET) refers to startup_stm32f407xx.o(.text) for Reset_Handler
    startup_stm32f407xx.o(RESET) refers to stm32f4xx_it.o(i.NMI_Handler) for NMI_Handler
    startup_stm32f407xx.o(RESET) refers to stm32f4xx_it.o(i.HardFault_Handler) for HardFault_Handler
    startup_stm32f407xx.o(RESET) refers to stm32f4xx_it.o(i.MemManage_Handler) for MemManage_Handler
    startup_stm32f407xx.o(RESET) refers to stm32f4xx_it.o(i.BusFault_Handler) for BusFault_Handler
    startup_stm32f407xx.o(RESET) refers to stm32f4xx_it.o(i.UsageFault_Handler) for UsageFault_Handler
    startup_stm32f407xx.o(RESET) refers to port.o(.emb_text) for SVC_Handler
    startup_stm32f407xx.o(RESET) refers to stm32f4xx_it.o(i.DebugMon_Handler) for DebugMon_Handler
    startup_stm32f407xx.o(RESET) refers to port.o(i.SysTick_Handler) for SysTick_Handler
    startup_stm32f407xx.o(RESET) refers to stm32f4xx_it.o(i.EXTI3_IRQHandler) for EXTI3_IRQHandler
    startup_stm32f407xx.o(RESET) refers to stm32f4xx_it.o(i.EXTI4_IRQHandler) for EXTI4_IRQHandler
    startup_stm32f407xx.o(RESET) refers to stm32f4xx_it.o(i.DMA1_Stream1_IRQHandler) for DMA1_Stream1_IRQHandler
    startup_stm32f407xx.o(RESET) refers to stm32f4xx_it.o(i.CAN1_TX_IRQHandler) for CAN1_TX_IRQHandler
    startup_stm32f407xx.o(RESET) refers to stm32f4xx_it.o(i.CAN1_RX0_IRQHandler) for CAN1_RX0_IRQHandler
    startup_stm32f407xx.o(RESET) refers to stm32f4xx_it.o(i.EXTI9_5_IRQHandler) for EXTI9_5_IRQHandler
    startup_stm32f407xx.o(RESET) refers to stm32f4xx_it.o(i.TIM2_IRQHandler) for TIM2_IRQHandler
    startup_stm32f407xx.o(RESET) refers to stm32f4xx_it.o(i.USART1_IRQHandler) for USART1_IRQHandler
    startup_stm32f407xx.o(RESET) refers to remote_control.o(i.USART3_IRQHandler) for USART3_IRQHandler
    startup_stm32f407xx.o(RESET) refers to stm32f4xx_it.o(i.DMA2_Stream0_IRQHandler) for DMA2_Stream0_IRQHandler
    startup_stm32f407xx.o(RESET) refers to stm32f4xx_it.o(i.DMA2_Stream1_IRQHandler) for DMA2_Stream1_IRQHandler
    startup_stm32f407xx.o(RESET) refers to stm32f4xx_it.o(i.DMA2_Stream2_IRQHandler) for DMA2_Stream2_IRQHandler
    startup_stm32f407xx.o(RESET) refers to stm32f4xx_it.o(i.DMA2_Stream3_IRQHandler) for DMA2_Stream3_IRQHandler
    startup_stm32f407xx.o(RESET) refers to stm32f4xx_it.o(i.CAN2_TX_IRQHandler) for CAN2_TX_IRQHandler
    startup_stm32f407xx.o(RESET) refers to stm32f4xx_it.o(i.CAN2_RX1_IRQHandler) for CAN2_RX1_IRQHandler
    startup_stm32f407xx.o(RESET) refers to stm32f4xx_it.o(i.OTG_FS_IRQHandler) for OTG_FS_IRQHandler
    startup_stm32f407xx.o(RESET) refers to stm32f4xx_it.o(i.DMA2_Stream6_IRQHandler) for DMA2_Stream6_IRQHandler
    startup_stm32f407xx.o(RESET) refers to stm32f4xx_it.o(i.DMA2_Stream7_IRQHandler) for DMA2_Stream7_IRQHandler
    startup_stm32f407xx.o(RESET) refers to stm32f4xx_it.o(i.USART6_IRQHandler) for USART6_IRQHandler
    startup_stm32f407xx.o(.text) refers (Special) to heapauxi.o(.text) for __use_two_region_memory
    startup_stm32f407xx.o(.text) refers to system_stm32f4xx.o(i.SystemInit) for SystemInit
    startup_stm32f407xx.o(.text) refers to __main.o(!!!main) for __main
    startup_stm32f407xx.o(.text) refers to startup_stm32f407xx.o(HEAP) for Heap_Mem
    startup_stm32f407xx.o(.text) refers to startup_stm32f407xx.o(STACK) for Stack_Mem
    main.o(i.HAL_TIM_PeriodElapsedCallback) refers to stm32f4xx_hal.o(i.HAL_IncTick) for HAL_IncTick
    main.o(i.SystemClock_Config) refers to rt_memclr_w.o(.text) for __aeabi_memclr4
    main.o(i.SystemClock_Config) refers to stm32f4xx_hal_rcc.o(i.HAL_RCC_OscConfig) for HAL_RCC_OscConfig
    main.o(i.SystemClock_Config) refers to main.o(i.Error_Handler) for Error_Handler
    main.o(i.SystemClock_Config) refers to stm32f4xx_hal_rcc.o(i.HAL_RCC_ClockConfig) for HAL_RCC_ClockConfig
    main.o(i.main) refers to stm32f4xx_hal.o(i.HAL_Init) for HAL_Init
    main.o(i.main) refers to main.o(i.SystemClock_Config) for SystemClock_Config
    main.o(i.main) refers to gpio.o(i.MX_GPIO_Init) for MX_GPIO_Init
    main.o(i.main) refers to dma.o(i.MX_DMA_Init) for MX_DMA_Init
    main.o(i.main) refers to spi.o(i.MX_SPI1_Init) for MX_SPI1_Init
    main.o(i.main) refers to tim.o(i.MX_TIM10_Init) for MX_TIM10_Init
    main.o(i.main) refers to can.o(i.MX_CAN1_Init) for MX_CAN1_Init
    main.o(i.main) refers to can.o(i.MX_CAN2_Init) for MX_CAN2_Init
    main.o(i.main) refers to usart.o(i.MX_USART3_UART_Init) for MX_USART3_UART_Init
[...]
    pid_pitch_speed_Recognition              0x2000a8fc   Data          60  gimbal_task.o(.bss)
    pid_yaw_angle                            0x2000a938   Data          60  gimbal_task.o(.bss)
    pid_yaw_speed                            0x2000a974   Data          60  gimbal_task.o(.bss)
    pid_pitch_angle                          0x2000a9b0   Data          60  gimbal_task.o(.bss)
    pid_pitch_speed                          0x2000a9ec   Data          60  gimbal_task.o(.bss)
    pid_yaw_angle_pos                        0x2000aa28   Data          60  gimbal_task.o(.bss)
    pid_yaw_speed_pos                        0x2000aa64   Data          60  gimbal_task.o(.bss)
    pid_pitch_angle_fold                     0x2000aaa0   Data          60  gimbal_task.o(.bss)
    pid_pitch_speed_fold                     0x2000aadc   Data          60  gimbal_task.o(.bss)
    pid_yaw_angle_dt                         0x2000ab18   Data          60  gimbal_task.o(.bss)
    pid_yaw_speed_dt                         0x2000ab54   Data          60  gimbal_task.o(.bss)
    pid_pitch_angle_dt                       0x2000ab90   Data          60  gimbal_task.o(.bss)
    pid_pitch_speed_dt                       0x2000abcc   Data          60  gimbal_task.o(.bss)
    pid_yaw_vision_armor_angle               0x2000ac08   Data          60  gimbal_task.o(.bss)
    pid_yaw_vision_armor_speed               0x2000ac44   Data          60  gimbal_task.o(.bss)
    pid_pitch_vision_armor_angle             0x2000ac80   Data          60  gimbal_task.o(.bss)
    pid_pitch_vision_armor_speed             0x2000acbc   Data          60  gimbal_task.o(.bss)
    pid_yaw_vision_buff_angle                0x2000acf8   Data          60  gimbal_task.o(.bss)
    pid_yaw_vision_buff_speed                0x2000ad34   Data          60  gimbal_task.o(.bss)
    pid_pitch_vision_buff_angle              0x2000ad70   Data          60  gimbal_task.o(.bss)
    pid_pitch_vision_buff_speed              0x2000adac   Data          60  gimbal_task.o(.bss)
    buf                                      0x2000ade8   Data          43  vision.o(.bss)
    vision_buff                              0x2000ae13   Data          55  vision.o(.bss)
    GimbalToVision                           0x2000ae4c   Data          44  vision.o(.bss)
    VisionToGimbal                           0x2000ae78   Data          48  vision.o(.bss)
    Vision_Rx                                0x2000aea8   Data          48  vision.o(.bss)
    Vision_Tx                                0x2000aed8   Data          55  vision.o(.bss)
    SHOOT                                    0x2000af10   Data          44  shoot_task.o(.bss)
    pid_frictiongear_l                       0x2000af3c   Data          60  shoot_task.o(.bss)
    pid_frictiongear_r                       0x2000af78   Data          60  shoot_task.o(.bss)
    TRIGGER                                  0x2000afb4   Data          28  trigger_task.o(.bss)
    pid_trigger_angle_signle                 0x2000afd0   Data          60  trigger_task.o(.bss)
    pid_trigger_speed_signle                 0x2000b00c   Data          60  trigger_task.o(.bss)
    pid_trigger_speed_long                   0x2000b048   Data          60  trigger_task.o(.bss)
    __libspace_start                         0x2000b084   Data          96  libspace.o(.bss)
    __temporary_stack_top$libspace           0x2000b0e4   Data           0  libspace.o(.bss)



==============================================================================

Memory Map of the image

  Image Entry point : 0x08000189

  Load Region LR_IROM1 (Base: 0x08000000, Size: 0x00013e28, Max: 0x00100000, ABSOLUTE, COMPRESSED[0x000138ac])

    Execution Region ER_IROM1 (Exec base: 0x08000000, Load base: 0x08000000, Size: 0x00013728, Max: 0x00100000, ABSOLUTE)

    Exec Addr    Load Addr    Size         Type   Attr      Idx    E Section Name        Object

    0x08000000   0x08000000   0x00000188   Data   RO            3    RESET               startup_stm32f407xx.o
    0x08000188   0x08000188   0x00000008   Code   RO        10457  * !!!main             c_w.l(__main.o)
    0x08000190   0x08000190   0x00000034   Code   RO        10910    !!!scatter          c_w.l(__scatter.o)
    0x080001c4   0x080001c4   0x0000005a   Code   RO        10908    !!dczerorl2         c_w.l(__dczerorl2.o)
    0x0800021e   0x0800021e   0x00000002   PAD
    0x08000220   0x08000220   0x0000001c   Code   RO        10912    !!handler_zi        c_w.l(__scatter_zi.o)
    0x0800023c   0x0800023c   0x00000002   Code   RO        10845    .ARM.Collect$$libinit$$00000000  c_w.l(libinit.o)
    0x0800023e   0x0800023e   0x00000004   Code   RO        10642    .ARM.Collect$$libinit$$00000001  c_w.l(libinit2.o)
    0x08000242   0x08000242   0x00000000   Code   RO        10645    .ARM.Collect$$libinit$$00000004  c_w.l(libinit2.o)
    0x08000242   0x08000242   0x00000008   Code   RO        10646    .ARM.Collect$$libinit$$00000005  c_w.l(libinit2.o)
    0x0800024a   0x0800024a   0x00000000   Code   RO        10648    .ARM.Collect$$libinit$$0000000A  c_w.l(libinit2.o)
    0x0800024a   0x0800024a   0x00000000   Code   RO        10650    .ARM.Collect$$libinit$$0000000C  c_w.l(libinit2.o)
    0x0800024a   0x0800024a   0x00000000   Code   RO        10652    .ARM.Collect$$libinit$$0000000E  c_w.l(libinit2.o)
    0x0800024a   0x0800024a   0x00000000   Code   RO        10655    .ARM.Collect$$libinit$$00000011  c_w.l(libinit2.o)
    0x0800024a   0x0800024a   0x00000000   Code   RO        10657    .ARM.Collect$$libinit$$00000013  c_w.l(libinit2.o)
    0x0800024a   0x0800024a   0x00000000   Code   RO        10659    .ARM.Collect$$libinit$$00000015  c_w.l(libinit2.o)
    0x0800024a   0x0800024a   0x00000000   Code   RO        10661    .ARM.Collect$$libinit$$00000017  c_w.l(libinit2.o)
    0x0800024a   0x0800024a   0x00000000   Code   RO        10663    .ARM.Collect$$libinit$$00000019  c_w.l(libinit2.o)
    0x0800024a   0x0800024a   0x00000000   Code   RO        10665    .ARM.Collect$$libinit$$0000001B  c_w.l(libinit2.o)
    0x0800024a   0x0800024a   0x00000000   Code   RO        10667    .ARM.Collect$$libinit$$0000001D  c_w.l(libinit2.o)
    0x0800024a   0x0800024a   0x00000000   Code   RO        10669    .ARM.Collect$$libinit$$0000001F  c_w.l(libinit2.o)
    0x0800024a   0x0800024a   0x00000000   Code   RO        10671    .ARM.Collect$$libinit$$00000021  c_w.l(libinit2.o)
    0x0800024a   0x0800024a   0x00000000   Code   RO        10673    .ARM.Collect$$libinit$$00000023  c_w.l(libinit2.o)
    0x0800024a   0x0800024a   0x00000000   Code   RO        10675    .ARM.Collect$$libinit$$00000025  c_w.l(libinit2.o)
    0x0800024a   0x0800024a   0x00000000   Code   RO        10679    .ARM.Collect$$libinit$$0000002C  c_w.l(libinit2.o)
    0x0800024a   0x0800024a   0x00000000   Code   RO        10681    .ARM.Collect$$libinit$$0000002E  c_w.l(libinit2.o)
    0x0800024a   0x0800024a   0x00000000   Code   RO        10683    .ARM.Collect$$libinit$$00000030  c_w.l(libinit2.o)
    0x0800024a   0x0800024a   0x00000000   Code   RO        10685    .ARM.Collect$$libinit$$00000032  c_w.l(libinit2.o)
    0x0800024a   0x0800024a   0x00000002   Code   RO        10686    .ARM.Collect$$libinit$$00000033  c_w.l(libinit2.o)
    0x0800024c   0x0800024c   0x00000002   Code   RO        10905    .ARM.Collect$$libshutdown$$00000000  c_w.l(libshutdown.o)
    0x0800024e   0x0800024e   0x00000000   Code   RO        10861    .ARM.Collect$$libshutdown$$00000002  c_w.l(libshutdown2.o)
    0x0800024e   0x0800024e   0x00000000   Code   RO        10863    .ARM.Collect$$libshutdown$$00000004  c_w.l(libshutdown2.o)
    0x0800024e   0x0800024e   0x00000000   Code   RO        10865    .ARM.Collect$$libshutdown$$00000006  c_w.l(libshutdown2.o)
    0x0800024e   0x0800024e   0x00000000   Code   RO        10868    .ARM.Collect$$libshutdown$$00000009  c_w.l(libshutdown2.o)
    0x0800024e   0x0800024e   0x00000000   Code   RO        10871    .ARM.Collect$$libshutdown$$0000000C  c_w.l(libshutdown2.o)
    0x0800024e   0x0800024e   0x00000000   Code   RO        10873    .ARM.Collect$$libshutdown$$0000000E  c_w.l(libshutdown2.o)
    0x0800024e   0x0800024e   0x00000000   Code   RO        10876    .ARM.Collect$$libshutdown$$00000011  c_w.l(libshutdown2.o)
    0x0800024e   0x0800024e   0x00000002   Code   RO        10877    .ARM.Collect$$libshutdown$$00000012  c_w.l(libshutdown2.o)
    0x08000250   0x08000250   0x00000000   Code   RO        10593    .ARM.Collect$$rtentry$$00000000  c_w.l(__rtentry.o)
    0x08000250   0x08000250   0x00000000   Code   RO        10765    .ARM.Collect$$rtentry$$00000002  c_w.l(__rtentry2.o)
    0x08000250   0x08000250   0x00000006   Code   RO        10777    .ARM.Collect$$rtentry$$00000004  c_w.l(__rtentry4.o)
    0x08000256   0x08000256   0x00000000   Code   RO        10767    .ARM.Collect$$rtentry$$00000009  c_w.l(__rtentry2.o)
    0x08000256   0x08000256   0x00000004   Code   RO        10768    .ARM.Collect$$rtentry$$0000000A  c_w.l(__rtentry2.o)
    0x0800025a   0x0800025a   0x00000000   Code   RO        10770    .ARM.Collect$$rtentry$$0000000C  c_w.l(__rtentry2.o)
    0x0800025a   0x0800025a   0x00000008   Code   RO        10771    .ARM.Collect$$rtentry$$0000000D  c_w.l(__rtentry2.o)
    0x08000262   0x08000262   0x00000002   Code   RO        10848    .ARM.Collect$$rtexit$$00000000  c_w.l(rtexit.o)
    0x08000264   0x08000264   0x00000000   Code   RO        10881    .ARM.Collect$$rtexit$$00000002  c_w.l(rtexit2.o)
    0x08000264   0x08000264   0x00000004   Code   RO        10882    .ARM.Collect$$rtexit$$00000003  c_w.l(rtexit2.o)
    0x08000268   0x08000268   0x00000006   Code   RO        10883    .ARM.Collect$$rtexit$$00000004  c_w.l(rtexit2.o)
    0x0800026e   0x0800026e   0x00000002   PAD
    0x08000270   0x08000270   0x000000be   Code   RO         6978    .emb_text           port.o
    0x0800032e   0x0800032e   0x00000002   PAD
    0x08000330   0x08000330   0x00000000   Code   RO        10788    .emb_text           c_w.l(maybetermalloc1.o)
    0x08000330   0x08000330   0x00000040   Code   RO            4    .text               startup_stm32f407xx.o
    0x08000370   0x08000370   0x00000078   Code   RO        10044    .text               arm_cortexM4lf_math.lib(arm_cos_f32.o)
    0x080003e8   0x080003e8   0x00000094   Code   RO        10094    .text               arm_cortexM4lf_math.lib(arm_sin_f32.o)
    0x0800047c   0x0800047c   0x00000108   Code   RO        10118    .text               arm_cortexM4lf_math.lib(arm_mat_add_f32.o)
    0x08000584   0x08000584   0x00000008   Code   RO        10142    .text               arm_cortexM4lf_math.lib(arm_mat_init_f32.o)
    0x0800058c   0x0800058c   0x00000530   Code   RO        10166    .text               arm_cortexM4lf_math.lib(arm_mat_inverse_f32.o)
    0x08000abc   0x08000abc   0x0000013c   Code   RO        10190    .text               arm_cortexM4lf_math.lib(arm_mat_mult_f32.o)
    0x08000bf8   0x08000bf8   0x00000108   Code   RO        10214    .text               arm_cortexM4lf_math.lib(arm_mat_sub_f32.o)
    0x08000d00   0x08000d00   0x00000114   Code   RO        10238    .text               arm_cortexM4lf_math.lib(arm_mat_trans_f32.o)
    0x08000e14   0x08000e14   0x0000005e   Code   RO        10345    .text               c_w.l(h1_alloc.o)
    0x08000e72   0x08000e72   0x000000ee   Code   RO        10399    .text               c_w.l(lludivv7m.o)
    0x08000f60   0x08000f60   0x00000064   Code   RO        10445    .text               c_w.l(rt_memcpy_w.o)
    0x08000fc4   0x08000fc4   0x00000010   Code   RO        10449    .text               c_w.l(aeabi_memset.o)
    0x08000fd4   0x08000fd4   0x00000044   Code   RO        10451    .text               c_w.l(rt_memclr.o)
    0x08001018   0x08001018   0x0000004e   Code   RO        10453    .text               c_w.l(rt_memclr_w.o)
    0x08001066   0x08001066   0x00000006   Code   RO        10455    .text               c_w.l(heapauxi.o)
    0x0800106c   0x0800106c   0x00000008   Code   RO        10601    .text               c_w.l(rt_heap_descriptor_intlibspace.o)
    0x08001074   0x08001074   0x00000004   Code   RO        10603    .text               c_w.l(hguard.o)
    0x08001078   0x08001078   0x0000008a   Code   RO        10605    .text               c_w.l(init_alloc.o)
    0x08001102   0x08001102   0x0000000e   Code   RO        10611    .text               c_w.l(h1_init.o)
    0x08001110   0x08001110   0x0000004e   Code   RO        10613    .text               c_w.l(h1_free.o)
    0x0800115e   0x0800115e   0x00000016   Code   RO        10629    .text               c_w.l(_rserrno.o)
    0x08001174   0x08001174   0x00000008   Code   RO        10761    .text               c_w.l(libspace.o)
    0x0800117c   0x0800117c   0x00000008   Code   RO        10784    .text               c_w.l(rt_errno_addr_intlibspace.o)
    0x08001184   0x08001184   0x00000034   Code   RO        10790    .text               c_w.l(h1_extend.o)
    0x080011b8   0x080011b8   0x00000030   Code   RO        10794    .text               c_w.l(_fptrap.o)
    0x080011e8   0x080011e8   0x0000000e   Code   RO        10798    .text               c_w.l(defsig_rtmem_outer.o)
    0x080011f6   0x080011f6   0x00000002   Code   RO        10817    .text               c_w.l(use_no_semi.o)
    0x080011f8   0x080011f8   0x00000000   Code   RO        10819    .text               c_w.l(indicate_semi.o)
    0x080011f8   0x080011f8   0x0000004a   Code   RO        10820    .text               c_w.l(sys_stackheap_outer.o)
    0x08001242   0x08001242   0x00000012   Code   RO        10826    .text               c_w.l(exit.o)
    0x08001254   0x08001254   0x0000000a   Code   RO        10828    .text               c_w.l(defsig_exit.o)
    0x0800125e   0x0800125e   0x0000000e   Code   RO        10830    .text               c_w.l(defsig_fpe_outer.o)
    0x0800126c   0x0800126c   0x00000050   Code   RO        10834    .text               c_w.l(defsig_rtmem_inner.o)
    0x080012bc   0x080012bc   0x0000000c   Code   RO        10846    .text               c_w.l(sys_exit.o)
    0x080012c8   0x080012c8   0x00000032   Code   RO        10856    .text               c_w.l(defsig_general.o)
    0x080012fa   0x080012fa   0x00000002   PAD
    0x080012fc   0x080012fc   0x000000ac   Code   RO        10858    .text               c_w.l(defsig_fpe_inner.o)
    0x080013a8   0x080013a8   0x0000000e   Code   RO        10878    .text               c_w.l(sys_wrch.o)
    0x080013b6   0x080013b6   0x00000002   PAD
    0x080013b8   0x080013b8   0x00000014   Code   RO         7565    i.BMI088_ACCEL_NS_H  bmi088middleware.o
    0x080013cc   0x080013cc   0x00000014   Code   RO         7566    i.BMI088_ACCEL_NS_L  bmi088middleware.o
    0x080013e0   0x080013e0   0x00000014   Code   RO         7567    i.BMI088_GYRO_NS_H  bmi088middleware.o
    0x080013f4   0x080013f4   0x00000014   Code   RO         7568    i.BMI088_GYRO_NS_L  bmi088middleware.o
    0x08001408   0x08001408   0x0000027c   Code   RO         7484    i.BMI088_Read       bmi088driver.o
    0x08001684   0x08001684   0x00000098   Code   RO         7485    i.BMI088_init       bmi088driver.o
    0x0800171c   0x0800171c   0x00000026   Code   RO         7486    i.BMI088_read_muli_reg  bmi088driver.o
    0x08001742   0x08001742   0x00000018   Code   RO         7487    i.BMI088_read_single_reg  bmi088driver.o
    0x0800175a   0x0800175a   0x00000002   PAD
    0x0800175c   0x0800175c   0x00000024   Code   RO         7569    i.BMI088_read_write_byte  bmi088middleware.o
    0x08001780   0x08001780   0x00000014   Code   RO         7488    i.BMI088_write_single_reg  bmi088driver.o
    0x08001794   0x08001794   0x0000015a   Code   RO         7659    i.BodyFrameToEarthFrame  ins_task.o
    0x080018ee   0x080018ee   0x00000004   Code   RO         1251    i.BusFault_Handler  stm32f4xx_it.o
    0x080018f2   0x080018f2   0x00000002   PAD
    0x080018f4   0x080018f4   0x00000010   Code   RO         1252    i.CAN1_RX0_IRQHandler  stm32f4xx_it.o
    0x08001904   0x08001904   0x00000010   Code   RO         1253    i.CAN1_TX_IRQHandler  stm32f4xx_it.o
    0x08001914   0x08001914   0x00000010   Code   RO         1254    i.CAN2_RX1_IRQHandler  stm32f4xx_it.o
    0x08001924   0x08001924   0x00000010   Code   RO         1255    i.CAN2_TX_IRQHandler  stm32f4xx_it.o
    0x08001934   0x08001934   0x00000044   Code   RO         1050    i.CDC_Control_FS    usbd_cdc_if.o
    0x08001978   0x08001978   0x00000004   Code   RO         1051    i.CDC_DeInit_FS     usbd_cdc_if.o
    0x0800197c   0x0800197c   0x00000024   Code   RO         1052    i.CDC_Init_FS       usbd_cdc_if.o
    0x080019a0   0x080019a0   0x00000034   Code   RO         1053    i.CDC_Receive_FS    usbd_cdc_if.o
    0x080019d4   0x080019d4   0x0000000c   Code   RO         1054    i.CDC_TransmitCplt_FS  usbd_cdc_if.o
    0x080019e0   0x080019e0   0x00000038   Code   RO         1055    i.CDC_Transmit_FS   usbd_cdc_if.o
    0x08001a18   0x08001a18   0x00000540   Code   RO         7489    i.Calibrate_MPU_Offset  bmi088driver.o
    0x08001f58   0x08001f58   0x000000ac   Code   RO         8411    i.DETECT_task       detect.o
    0x08002004   0x08002004   0x00000010   Code   RO         1256    i.DMA1_Stream1_IRQHandler  stm32f4xx_it.o
    0x08002014   0x08002014   0x00000010   Code   RO         1257    i.DMA2_Stream0_IRQHandler  stm32f4xx_it.o
    0x08002024   0x08002024   0x00000010   Code   RO         1258    i.DMA2_Stream1_IRQHandler  stm32f4xx_it.o
    0x08002034   0x08002034   0x00000010   Code   RO         1259    i.DMA2_Stream2_IRQHandler  stm32f4xx_it.o
    0x08002044   0x08002044   0x00000010   Code   RO         1260    i.DMA2_Stream3_IRQHandler  stm32f4xx_it.o
    0x08002054   0x08002054   0x00000010   Code   RO         1261    i.DMA2_Stream6_IRQHandler  stm32f4xx_it.o
    0x08002064   0x08002064   0x00000010   Code   RO         1262    i.DMA2_Stream7_IRQHandler  stm32f4xx_it.o
    0x08002074   0x08002074   0x00000034   Code   RO         3567    i.DMA_CalcBaseAndBitshift  stm32f4xx_hal_dma.o
    0x080020a8   0x080020a8   0x000000aa   Code   RO         3568    i.DMA_CheckFifoParam  stm32f4xx_hal_dma.o
    0x08002152   0x08002152   0x0000002c   Code   RO         3569    i.DMA_SetConfig     stm32f4xx_hal_dma.o
    0x0800217e   0x0800217e   0x0000005c   Code   RO         7823    i.DM_position_ctrl  bsp_can.o
    0x080021da   0x080021da   0x00000002   PAD
    0x080021dc   0x080021dc   0x00000030   Code   RO         7908    i.DWT_CNT_Update    bsp_dwt.o
    0x0800220c   0x0800220c   0x0000003c   Code   RO         7909    i.DWT_Delay         bsp_dwt.o
    0x08002248   0x08002248   0x0000004c   Code   RO         7910    i.DWT_GetDeltaT     bsp_dwt.o
    0x08002294   0x08002294   0x00000054   Code   RO         7913    i.DWT_GetTimeline_s  bsp_dwt.o
    0x080022e8   0x080022e8   0x00000074   Code   RO         7915    i.DWT_Init          bsp_dwt.o
    0x0800235c   0x0800235c   0x000000d0   Code   RO         7916    i.DWT_SysTimeUpdate  bsp_dwt.o
    0x0800242c   0x0800242c   0x00000002   Code   RO         1263    i.DebugMon_Handler  stm32f4xx_it.o
    0x0800242e   0x0800242e   0x0000000a   Code   RO         1264    i.EXTI3_IRQHandler  stm32f4xx_it.o
    0x08002438   0x08002438   0x0000000a   Code   RO         1265    i.EXTI4_IRQHandler  stm32f4xx_it.o
    0x08002442   0x08002442   0x0000000a   Code   RO         1266    i.EXTI9_5_IRQHandler  stm32f4xx_it.o
    0x0800244c   0x0800244c   0x0000015a   Code   RO         7660    i.EarthFrameToBodyFrame  ins_task.o
    0x080025a6   0x080025a6   0x00000006   Code   RO           13    i.Error_Handler     main.o
    0x080025ac   0x080025ac   0x00000084   Code   RO         7662    i.Get_Angle_accel   ins_task.o
    0x08002630   0x08002630   0x00000034   Code   RO          960    i.Get_SerialNum     usbd_desc.o
    0x08002664   0x08002664   0x0000002a   Code   RO         4264    i.HAL_CAN_ActivateNotification  stm32f4xx_hal_can.o
    0x0800268e   0x0800268e   0x0000014a   Code   RO         4265    i.HAL_CAN_AddTxMessage  stm32f4xx_hal_can.o
    0x080027d8   0x080027d8   0x00000120   Code   RO         4266    i.HAL_CAN_ConfigFilter  stm32f4xx_hal_can.o
    0x080028f8   0x080028f8   0x00000002   Code   RO         4269    i.HAL_CAN_ErrorCallback  stm32f4xx_hal_can.o
    0x080028fa   0x080028fa   0x00000194   Code   RO         4272    i.HAL_CAN_GetRxMessage  stm32f4xx_hal_can.o
    0x08002a8e   0x08002a8e   0x0000024e   Code   RO         4276    i.HAL_CAN_IRQHandler  stm32f4xx_hal_can.o
    0x08002cdc   0x08002cdc   0x00000174   Code   RO         4277    i.HAL_CAN_Init      stm32f4xx_hal_can.o
    0x08002e50   0x08002e50   0x00000180   Code   RO          443    i.HAL_CAN_MspInit   can.o
    0x08002fd0   0x08002fd0   0x00000002   Code   RO         4284    i.HAL_CAN_RxFifo0FullCallback  stm32f4xx_hal_can.o
    0x08002fd2   0x08002fd2   0x00000002   PAD
    0x08002fd4   0x08002fd4   0x00000044   Code   RO         8260    i.HAL_CAN_RxFifo0MsgPendingCallback  can_receive.o
    0x08003018   0x08003018   0x00000002   Code   RO         4286    i.HAL_CAN_RxFifo1FullCallback  stm32f4xx_hal_can.o
    0x0800301a   0x0800301a   0x00000002   PAD
    0x0800301c   0x0800301c   0x000000b8   Code   RO         8261    i.HAL_CAN_RxFifo1MsgPendingCallback  can_receive.o
    0x080030d4   0x080030d4   0x00000002   Code   RO         4288    i.HAL_CAN_SleepCallback  stm32f4xx_hal_can.o
    0x080030d6   0x080030d6   0x0000005e   Code   RO         4289    i.HAL_CAN_Start     stm32f4xx_hal_can.o
    0x08003134   0x08003134   0x00000002   Code   RO         4291    i.HAL_CAN_TxMailbox0AbortCallback  stm32f4xx_hal_can.o
    0x08003136   0x08003136   0x00000002   Code   RO         4292    i.HAL_CAN_TxMailbox0CompleteCallback  stm32f4xx_hal_can.o
    0x08003138   0x08003138   0x00000002   Code   RO         4293    i.HAL_CAN_TxMailbox1AbortCallback  stm32f4xx_hal_can.o
    0x0800313a   0x0800313a   0x00000002   Code   RO         4294    i.HAL_CAN_TxMailbox1CompleteCallback  stm32f4xx_hal_can.o
    0x0800313c   0x0800313c   0x00000002   Code   RO         4295    i.HAL_CAN_TxMailbox2AbortCallback  stm32f4xx_hal_can.o
    0x0800313e   0x0800313e   0x00000002   Code   RO         4296    i.HAL_CAN_TxMailbox2CompleteCallback  stm32f4xx_hal_can.o
    0x08003140   0x08003140   0x00000002   Code   RO         4298    i.HAL_CAN_WakeUpFromRxMsgCallback  stm32f4xx_hal_can.o
    0x08003142   0x08003142   0x000000ac   Code   RO         3570    i.HAL_DMA_Abort     stm32f4xx_hal_dma.o
    0x080031ee   0x080031ee   0x00000028   Code   RO         3571    i.HAL_DMA_Abort_IT  stm32f4xx_hal_dma.o
    0x08003216   0x08003216   0x00000006   Code   RO         3573    i.HAL_DMA_GetError  stm32f4xx_hal_dma.o
    0x0800321c   0x0800321c   0x00000240   Code   RO         3575    i.HAL_DMA_IRQHandler  stm32f4xx_hal_dma.o
    0x0800345c   0x0800345c   0x000000ec   Code   RO         3576    i.HAL_DMA_Init      stm32f4xx_hal_dma.o
    0x08003548   0x08003548   0x00000092   Code   RO         3580    i.HAL_DMA_Start_IT  stm32f4xx_hal_dma.o
    0x080035da   0x080035da   0x00000002   PAD
    0x080035dc   0x080035dc   0x00000028   Code   RO         4012    i.HAL_Delay         stm32f4xx_hal.o
    0x08003604   0x08003604   0x00000002   Code   RO         3461    i.HAL_GPIO_EXTI_Callback  stm32f4xx_hal_gpio.o
    0x08003606   0x08003606   0x00000002   PAD
    0x08003608   0x08003608   0x0000001c   Code   RO         3462    i.HAL_GPIO_EXTI_IRQHandler  stm32f4xx_hal_gpio.o
    0x08003624   0x08003624   0x000001f4   Code   RO         3463    i.HAL_GPIO_Init     stm32f4xx_hal_gpio.o
    0x08003818   0x08003818   0x0000000c   Code   RO         3467    i.HAL_GPIO_WritePin  stm32f4xx_hal_gpio.o
    0x08003824   0x08003824   0x0000000c   Code   RO         4018    i.HAL_GetTick       stm32f4xx_hal.o
    0x08003830   0x08003830   0x00000018   Code   RO         4024    i.HAL_IncTick       stm32f4xx_hal.o
    0x08003848   0x08003848   0x0000003c   Code   RO         4025    i.HAL_Init          stm32f4xx_hal.o
    0x08003884   0x08003884   0x000000b4   Code   RO         1444    i.HAL_InitTick      stm32f4xx_hal_timebase_tim.o
    0x08003938   0x08003938   0x00000054   Code   RO         1420    i.HAL_MspInit       stm32f4xx_hal_msp.o
    0x0800398c   0x0800398c   0x00000028   Code   RO         3855    i.HAL_NVIC_EnableIRQ  stm32f4xx_hal_cortex.o
    0x080039b4   0x080039b4   0x0000007c   Code   RO         3861    i.HAL_NVIC_SetPriority  stm32f4xx_hal_cortex.o
    0x08003a30   0x08003a30   0x00000028   Code   RO         3862    i.HAL_NVIC_SetPriorityGrouping  stm32f4xx_hal_cortex.o
    0x08003a58   0x08003a58   0x00000002   Code   RO         2711    i.HAL_PCDEx_LPM_Callback  stm32f4xx_hal_pcd_ex.o
    0x08003a5a   0x08003a5a   0x0000000a   Code   RO         2712    i.HAL_PCDEx_SetRxFiFo  stm32f4xx_hal_pcd_ex.o
    0x08003a64   0x08003a64   0x0000004e   Code   RO         2713    i.HAL_PCDEx_SetTxFiFo  stm32f4xx_hal_pcd_ex.o
    0x08003ab2   0x08003ab2   0x0000000e   Code   RO          753    i.HAL_PCD_ConnectCallback  usbd_conf.o
    0x08003ac0   0x08003ac0   0x00000020   Code   RO          754    i.HAL_PCD_DataInStageCallback  usbd_conf.o
    0x08003ae0   0x08003ae0   0x00000020   Code   RO          755    i.HAL_PCD_DataOutStageCallback  usbd_conf.o
    0x08003b00   0x08003b00   0x0000000e   Code   RO          756    i.HAL_PCD_DisconnectCallback  usbd_conf.o
    0x08003b0e   0x08003b0e   0x00000042   Code   RO         2476    i.HAL_PCD_EP_Abort  stm32f4xx_hal_pcd.o
    0x08003b50   0x08003b50   0x0000006a   Code   RO         2477    i.HAL_PCD_EP_Close  stm32f4xx_hal_pcd.o
    0x08003bba   0x08003bba   0x0000007c   Code   RO         2478    i.HAL_PCD_EP_ClrStall  stm32f4xx_hal_pcd.o
    0x08003c36   0x08003c36   0x00000016   Code   RO         2480    i.HAL_PCD_EP_GetRxCount  stm32f4xx_hal_pcd.o
    0x08003c4c   0x08003c4c   0x0000008e   Code   RO         2481    i.HAL_PCD_EP_Open   stm32f4xx_hal_pcd.o
    0x08003cda   0x08003cda   0x00000046   Code   RO         2482    i.HAL_PCD_EP_Receive  stm32f4xx_hal_pcd.o
    0x08003d20   0x08003d20   0x0000008a   Code   RO         2483    i.HAL_PCD_EP_SetStall  stm32f4xx_hal_pcd.o
    0x08003daa   0x08003daa   0x00000048   Code   RO         2484    i.HAL_PCD_EP_Transmit  stm32f4xx_hal_pcd.o
    0x08003df2   0x08003df2   0x000006ca   Code   RO         2486    i.HAL_PCD_IRQHandler  stm32f4xx_hal_pcd.o
    0x080044bc   0x080044bc   0x00000012   Code   RO          757    i.HAL_PCD_ISOINIncompleteCallback  usbd_conf.o
    0x080044ce   0x080044ce   0x00000012   Code   RO          758    i.HAL_PCD_ISOOUTIncompleteCallback  usbd_conf.o
    0x080044e0   0x080044e0   0x0000015e   Code   RO         2489    i.HAL_PCD_Init      stm32f4xx_hal_pcd.o
    0x0800463e   0x0800463e   0x00000002   PAD
    0x08004640   0x08004640   0x000000a8   Code   RO          760    i.HAL_PCD_MspInit   usbd_conf.o
    0x080046e8   0x080046e8   0x00000030   Code   RO          761    i.HAL_PCD_ResetCallback  usbd_conf.o
    0x08004718   0x08004718   0x0000000e   Code   RO          762    i.HAL_PCD_ResumeCallback  usbd_conf.o
    0x08004726   0x08004726   0x0000000e   Code   RO          763    i.HAL_PCD_SOFCallback  usbd_conf.o
    0x08004734   0x08004734   0x00000034   Code   RO         2495    i.HAL_PCD_SetAddress  stm32f4xx_hal_pcd.o
    0x08004768   0x08004768   0x00000012   Code   RO          764    i.HAL_PCD_SetupStageCallback  usbd_conf.o
    0x0800477a   0x0800477a   0x0000004c   Code   RO         2498    i.HAL_PCD_Start     stm32f4xx_hal_pcd.o
    0x080047c6   0x080047c6   0x00000002   PAD
    0x080047c8   0x080047c8   0x00000034   Code   RO          765    i.HAL_PCD_SuspendCallback  usbd_conf.o
    0x080047fc   0x080047fc   0x000001a0   Code   RO         3169    i.HAL_RCCEx_PeriphCLKConfig  stm32f4xx_hal_rcc_ex.o
    0x0800499c   0x0800499c   0x00000184   Code   RO         3064    i.HAL_RCC_ClockConfig  stm32f4xx_hal_rcc.o
    0x08004b20   0x08004b20   0x00000044   Code   RO         3068    i.HAL_RCC_GetClockConfig  stm32f4xx_hal_rcc.o
    0x08004b64   0x08004b64   0x0000000c   Code   RO         3069    i.HAL_RCC_GetHCLKFreq  stm32f4xx_hal_rcc.o
    0x08004b70   0x08004b70   0x00000020   Code   RO         3071    i.HAL_RCC_GetPCLK1Freq  stm32f4xx_hal_rcc.o
    0x08004b90   0x08004b90   0x00000020   Code   RO         3072    i.HAL_RCC_GetPCLK2Freq  stm32f4xx_hal_rcc.o
    0x08004bb0   0x08004bb0   0x000000b0   Code   RO         3073    i.HAL_RCC_GetSysClockFreq  stm32f4xx_hal_rcc.o
    0x08004c60   0x08004c60   0x0000049c   Code   RO         3076    i.HAL_RCC_OscConfig  stm32f4xx_hal_rcc.o
    0x080050fc   0x080050fc   0x000000b4   Code   RO         4510    i.HAL_RTC_Init      stm32f4xx_hal_rtc.o
    0x080051b0   0x080051b0   0x00000040   Code   RO          516    i.HAL_RTC_MspInit   rtc.o
    0x080051f0   0x080051f0   0x00000038   Code   RO         4518    i.HAL_RTC_WaitForSynchro  stm32f4xx_hal_rtc.o
    0x08005228   0x08005228   0x000000c8   Code   RO         4910    i.HAL_SPI_Init      stm32f4xx_hal_spi.o
    0x080052f0   0x080052f0   0x00000158   Code   RO          558    i.HAL_SPI_MspInit   spi.o
    0x08005448   0x08005448   0x00000248   Code   RO         4919    i.HAL_SPI_TransmitReceive  stm32f4xx_hal_spi.o
    0x08005690   0x08005690   0x00000002   Code   RO         2200    i.HAL_TIMEx_BreakCallback  stm32f4xx_hal_tim_ex.o
    0x08005692   0x08005692   0x00000002   Code   RO         2201    i.HAL_TIMEx_CommutCallback  stm32f4xx_hal_tim_ex.o
    0x08005694   0x08005694   0x00000066   Code   RO         1485    i.HAL_TIM_Base_Init  stm32f4xx_hal_tim.o
    0x080056fa   0x080056fa   0x00000002   PAD
    0x080056fc   0x080056fc   0x00000034   Code   RO          600    i.HAL_TIM_Base_MspInit  tim.o
    0x08005730   0x08005730   0x000000a8   Code   RO         1490    i.HAL_TIM_Base_Start_IT  stm32f4xx_hal_tim.o
    0x080057d8   0x080057d8   0x00000002   Code   RO         1519    i.HAL_TIM_IC_CaptureCallback  stm32f4xx_hal_tim.o
    0x080057da   0x080057da   0x0000016c   Code   RO         1533    i.HAL_TIM_IRQHandler  stm32f4xx_hal_tim.o
    0x08005946   0x08005946   0x00000002   PAD
    0x08005948   0x08005948   0x00000064   Code   RO          601    i.HAL_TIM_MspPostInit  tim.o
    0x080059ac   0x080059ac   0x00000002   Code   RO         1536    i.HAL_TIM_OC_DelayElapsedCallback  stm32f4xx_hal_tim.o
    0x080059ae   0x080059ae   0x00000104   Code   RO         1557    i.HAL_TIM_PWM_ConfigChannel  stm32f4xx_hal_tim.o
    0x08005ab2   0x08005ab2   0x00000066   Code   RO         1560    i.HAL_TIM_PWM_Init  stm32f4xx_hal_tim.o
    0x08005b18   0x08005b18   0x00000002   Code   RO         1562    i.HAL_TIM_PWM_MspInit  stm32f4xx_hal_tim.o
    0x08005b1a   0x08005b1a   0x00000002   Code   RO         1563    i.HAL_TIM_PWM_PulseFinishedCallback  stm32f4xx_hal_tim.o
    0x08005b1c   0x08005b1c   0x0000010c   Code   RO         1565    i.HAL_TIM_PWM_Start  stm32f4xx_hal_tim.o
    0x08005c28   0x08005c28   0x00000012   Code   RO           14    i.HAL_TIM_PeriodElapsedCallback  main.o
    0x08005c3a   0x08005c3a   0x00000002   Code   RO         1576    i.HAL_TIM_TriggerCallback  stm32f4xx_hal_tim.o
    0x08005c3c   0x08005c3c   0x00000002   Code   RO         5233    i.HAL_UARTEx_RxEventCallback  stm32f4xx_hal_uart.o
    0x08005c3e   0x08005c3e   0x000000c4   Code   RO         5236    i.HAL_UART_AbortReceive  stm32f4xx_hal_uart.o
    0x08005d02   0x08005d02   0x00000002   Code   RO         5247    i.HAL_UART_ErrorCallback  stm32f4xx_hal_uart.o
    0x08005d04   0x08005d04   0x00000308   Code   RO         5250    i.HAL_UART_IRQHandler  stm32f4xx_hal_uart.o
    0x0800600c   0x0800600c   0x00000076   Code   RO         5251    i.HAL_UART_Init     stm32f4xx_hal_uart.o
    0x08006082   0x08006082   0x00000002   PAD
    0x08006084   0x08006084   0x00000348   Code   RO          648    i.HAL_UART_MspInit  usart.o
    0x080063cc   0x080063cc   0x0000002c   Code   RO         5255    i.HAL_UART_Receive_DMA  stm32f4xx_hal_uart.o
    0x080063f8   0x080063f8   0x00000002   Code   RO         5257    i.HAL_UART_RxCpltCallback  stm32f4xx_hal_uart.o
    0x080063fa   0x080063fa   0x00000002   Code   RO         5258    i.HAL_UART_RxHalfCpltCallback  stm32f4xx_hal_uart.o
    0x080063fc   0x080063fc   0x0000009c   Code   RO         5260    i.HAL_UART_Transmit_DMA  stm32f4xx_hal_uart.o
    0x08006498   0x08006498   0x00000002   Code   RO         5262    i.HAL_UART_TxCpltCallback  stm32f4xx_hal_uart.o
    0x0800649a   0x0800649a   0x00000002   Code   RO         5263    i.HAL_UART_TxHalfCpltCallback  stm32f4xx_hal_uart.o
    0x0800649c   0x0800649c   0x00000130   Code   RO         7058    i.H_K_R_Adjustment  kalman_filter.o
    0x080065cc   0x080065cc   0x00000004   Code   RO         1267    i.HardFault_Handler  stm32f4xx_it.o
    0x080065d0   0x080065d0   0x00000078   Code   RO         8131    i.Head1_data_Handle  bsp_transmit.o
    0x08006648   0x08006648   0x00000020   Code   RO         9750    i.IF_DISCERN        vision.o
    0x08006668   0x08006668   0x000000d4   Code   RO         9751    i.IF_FIRE           vision.o
    0x0800673c   0x0800673c   0x00000374   Code   RO         7663    i.IMU_Param_Correction  ins_task.o
    0x08006ab0   0x08006ab0   0x00000238   Code   RO         7280    i.IMU_QuaternionEKF_F_Linearization_P_Fading  quaternionekf.o
    0x08006ce8   0x08006ce8   0x00000130   Code   RO         7281    i.IMU_QuaternionEKF_Init  quaternionekf.o
    0x08006e18   0x08006e18   0x00000034   Code   RO         7282    i.IMU_QuaternionEKF_Observe  quaternionekf.o
    0x08006e4c   0x08006e4c   0x00000128   Code   RO         7283    i.IMU_QuaternionEKF_SetH  quaternionekf.o
    0x08006f74   0x08006f74   0x00000634   Code   RO         7284    i.IMU_QuaternionEKF_Update  quaternionekf.o
    0x080075a8   0x080075a8   0x00000508   Code   RO         7285    i.IMU_QuaternionEKF_xhatUpdate  quaternionekf.o
    0x08007ab0   0x08007ab0   0x00000074   Code   RO         7664    i.IMU_Temperature_Ctrl  ins_task.o
    0x08007b24   0x08007b24   0x000000dc   Code   RO         7665    i.INS_Init          ins_task.o
    0x08007c00   0x08007c00   0x0000029c   Code   RO         7666    i.INS_Task          ins_task.o
    0x08007e9c   0x08007e9c   0x0000003e   Code   RO          961    i.IntToUnicode      usbd_desc.o
    0x08007eda   0x08007eda   0x00000002   PAD
    0x08007edc   0x08007edc   0x00000064   Code   RO         8569    i.KEY_STATE_Ctrl    remote_control.o
    0x08007f40   0x08007f40   0x00000040   Code   RO         8465    i.KalmanCreate      kalman.o
    0x08007f80   0x08007f80   0x00000086   Code   RO         8466    i.KalmanFilter      kalman.o
    0x08008006   0x08008006   0x00000002   PAD
    0x08008008   0x08008008   0x0000070c   Code   RO         7059    i.Kalman_Filter_Init  kalman_filter.o
    0x08008714   0x08008714   0x00000050   Code   RO         7060    i.Kalman_Filter_Measure  kalman_filter.o
    0x08008764   0x08008764   0x00000068   Code   RO         7061    i.Kalman_Filter_P_Update  kalman_filter.o
    0x080087cc   0x080087cc   0x00000068   Code   RO         7062    i.Kalman_Filter_PminusUpdate  kalman_filter.o
    0x08008834   0x08008834   0x000000d2   Code   RO         7063    i.Kalman_Filter_SetK  kalman_filter.o
    0x08008906   0x08008906   0x00000002   PAD
    0x08008908   0x08008908   0x00000128   Code   RO         7064    i.Kalman_Filter_Update  kalman_filter.o
    0x08008a30   0x08008a30   0x0000007c   Code   RO         7065    i.Kalman_Filter_xhatMinusUpdate  kalman_filter.o
    0x08008aac   0x08008aac   0x00000086   Code   RO         7066    i.Kalman_Filter_xhatUpdate  kalman_filter.o
    0x08008b32   0x08008b32   0x00000002   PAD
    0x08008b34   0x08008b34   0x00000044   Code   RO          444    i.MX_CAN1_Init      can.o
    0x08008b78   0x08008b78   0x00000044   Code   RO          445    i.MX_CAN2_Init      can.o
    0x08008bbc   0x08008bbc   0x000000b8   Code   RO          491    i.MX_DMA_Init       dma.o
    0x08008c74   0x08008c74   0x00000140   Code   RO          321    i.MX_FREERTOS_Init  freertos.o
    0x08008db4   0x08008db4   0x00000264   Code   RO          296    i.MX_GPIO_Init      gpio.o
    0x08009018   0x08009018   0x00000034   Code   RO          517    i.MX_RTC_Init       rtc.o
    0x0800904c   0x0800904c   0x00000048   Code   RO          559    i.MX_SPI1_Init      spi.o
    0x08009094   0x08009094   0x0000006c   Code   RO          602    i.MX_TIM10_Init     tim.o
    0x08009100   0x08009100   0x00000058   Code   RO          649    i.MX_USART1_UART_Init  usart.o
    0x08009158   0x08009158   0x0000003c   Code   RO          650    i.MX_USART3_UART_Init  usart.o
    0x08009194   0x08009194   0x00000038   Code   RO          651    i.MX_USART6_UART_Init  usart.o
    0x080091cc   0x080091cc   0x0000004c   Code   RO          705    i.MX_USB_DEVICE_Init  usb_device.o
    0x08009218   0x08009218   0x00000004   Code   RO         1268    i.MemManage_Handler  stm32f4xx_it.o
    0x0800921c   0x0800921c   0x00000004   Code   RO         1269    i.NMI_Handler       stm32f4xx_it.o
    0x08009220   0x08009220   0x0000024c   Code   RO         7140    i.OLS_Derivative    user_lib.o
    0x0800946c   0x0800946c   0x00000058   Code   RO         7141    i.OLS_Init          user_lib.o
    0x080094c4   0x080094c4   0x00000010   Code   RO         1270    i.OTG_FS_IRQHandler  stm32f4xx_it.o
    0x080094d4   0x080094d4   0x00000064   Code   RO         2502    i.PCD_EP_OutSetupPacket_int  stm32f4xx_hal_pcd.o
    0x08009538   0x08009538   0x00000144   Code   RO         2503    i.PCD_EP_OutXfrComplete_int  stm32f4xx_hal_pcd.o
    0x0800967c   0x0800967c   0x000000b6   Code   RO         2504    i.PCD_WriteEmptyTxFifo  stm32f4xx_hal_pcd.o
    0x08009732   0x08009732   0x000002d0   Code   RO         7354    i.PID_Calculate     controller.o
    0x08009a02   0x08009a02   0x00000002   PAD
    0x08009a04   0x08009a04   0x000000bc   Code   RO         7355    i.PID_Init          controller.o
    0x08009ac0   0x08009ac0   0x000001c0   Code   RO         8521    i.PID_calc          pid.o
    0x08009c80   0x08009c80   0x00000044   Code   RO         8522    i.PID_init          pid.o
    0x08009cc4   0x08009cc4   0x00000010   Code   RO         8570    i.RC_abs            remote_control.o
    0x08009cd4   0x08009cd4   0x0000000a   Code   RO         8571    i.RC_connect_soft_restart  remote_control.o
    0x08009cde   0x08009cde   0x00000002   PAD
    0x08009ce0   0x08009ce0   0x00000070   Code   RO         8572    i.RC_data_is_error_handle  remote_control.o
    0x08009d50   0x08009d50   0x0000009c   Code   RO         8012    i.RC_init           bsp_rc.o
    0x08009dec   0x08009dec   0x00000014   Code   RO         8573    i.RC_offline_data_handle  remote_control.o
    0x08009e00   0x08009e00   0x00000050   Code   RO         8013    i.RC_restart        bsp_rc.o
    0x08009e50   0x08009e50   0x0000000c   Code   RO          322    i.REFEREE_Task      freertos.o
    0x08009e5c   0x08009e5c   0x0000004a   Code   RO         4521    i.RTC_EnterInitMode  stm32f4xx_hal_rtc.o
    0x08009ea6   0x08009ea6   0x0000002e   Code   RO         4522    i.RTC_ExitInitMode  stm32f4xx_hal_rtc.o
    0x08009ed4   0x08009ed4   0x00000088   Code   RO         4948    i.SPI_EndRxTxTransaction  stm32f4xx_hal_spi.o
    0x08009f5c   0x08009f5c   0x000000d8   Code   RO         4953    i.SPI_WaitFlagStateUntilTimeout  stm32f4xx_hal_spi.o
    0x0800a034   0x0800a034   0x00000012   Code   RO          323    i.StartINSTask      freertos.o
    0x0800a046   0x0800a046   0x00000002   PAD
    0x0800a048   0x0800a048   0x00000078   Code   RO         9829    i.StartVOFATask     vofa.o
    0x0800a0c0   0x0800a0c0   0x00000034   Code   RO         6979    i.SysTick_Handler   port.o
    0x0800a0f4   0x0800a0f4   0x000000b4   Code   RO           15    i.SystemClock_Config  main.o
    0x0800a1a8   0x0800a1a8   0x00000014   Code   RO         5595    i.SystemInit        system_stm32f4xx.o
    0x0800a1bc   0x0800a1bc   0x00000010   Code   RO         1271    i.TIM2_IRQHandler   stm32f4xx_it.o
    0x0800a1cc   0x0800a1cc   0x000000e0   Code   RO         1578    i.TIM_Base_SetConfig  stm32f4xx_hal_tim.o
    0x0800a2ac   0x0800a2ac   0x00000022   Code   RO         1579    i.TIM_CCxChannelCmd  stm32f4xx_hal_tim.o
    0x0800a2ce   0x0800a2ce   0x00000002   PAD
    0x0800a2d0   0x0800a2d0   0x00000070   Code   RO         1591    i.TIM_OC1_SetConfig  stm32f4xx_hal_tim.o
    0x0800a340   0x0800a340   0x0000007c   Code   RO         1592    i.TIM_OC2_SetConfig  stm32f4xx_hal_tim.o
    0x0800a3bc   0x0800a3bc   0x00000078   Code   RO         1593    i.TIM_OC3_SetConfig  stm32f4xx_hal_tim.o
    0x0800a434   0x0800a434   0x00000054   Code   RO         1594    i.TIM_OC4_SetConfig  stm32f4xx_hal_tim.o
    0x0800a488   0x0800a488   0x0000003a   Code   RO         7985    i.TIM_Set_PWM       bsp_pwm.o
    0x0800a4c2   0x0800a4c2   0x00000002   PAD
    0x0800a4c4   0x0800a4c4   0x00000034   Code   RO         8132    i.Transmit_Data_Task  bsp_transmit.o
    0x0800a4f8   0x0800a4f8   0x00000012   Code   RO         5264    i.UART_DMAAbortOnError  stm32f4xx_hal_uart.o
    0x0800a50a   0x0800a50a   0x00000050   Code   RO         5265    i.UART_DMAError     stm32f4xx_hal_uart.o
    0x0800a55a   0x0800a55a   0x000000b4   Code   RO         5266    i.UART_DMAReceiveCplt  stm32f4xx_hal_uart.o
    0x0800a60e   0x0800a60e   0x00000024   Code   RO         5268    i.UART_DMARxHalfCplt  stm32f4xx_hal_uart.o
    0x0800a632   0x0800a632   0x00000058   Code   RO         5270    i.UART_DMATransmitCplt  stm32f4xx_hal_uart.o
    0x0800a68a   0x0800a68a   0x0000000e   Code   RO         5272    i.UART_DMATxHalfCplt  stm32f4xx_hal_uart.o
    0x0800a698   0x0800a698   0x0000006c   Code   RO         5274    i.UART_EndRxTransfer  stm32f4xx_hal_uart.o
    0x0800a704   0x0800a704   0x00000020   Code   RO         5275    i.UART_EndTransmit_IT  stm32f4xx_hal_uart.o
    0x0800a724   0x0800a724   0x00000026   Code   RO         5276    i.UART_EndTxTransfer  stm32f4xx_hal_uart.o
    0x0800a74a   0x0800a74a   0x000000fc   Code   RO         5277    i.UART_Receive_IT   stm32f4xx_hal_uart.o
    0x0800a846   0x0800a846   0x00000002   PAD
    0x0800a848   0x0800a848   0x0000022c   Code   RO         5278    i.UART_SetConfig    stm32f4xx_hal_uart.o
    0x0800aa74   0x0800aa74   0x000000d8   Code   RO         5279    i.UART_Start_Receive_DMA  stm32f4xx_hal_uart.o
    0x0800ab4c   0x0800ab4c   0x00000060   Code   RO         5281    i.UART_Transmit_IT  stm32f4xx_hal_uart.o
    0x0800abac   0x0800abac   0x000000a8   Code   RO         1272    i.USART1_IRQHandler  stm32f4xx_it.o
    0x0800ac54   0x0800ac54   0x0000014c   Code   RO         8575    i.USART3_IRQHandler  remote_control.o
    0x0800ada0   0x0800ada0   0x00000010   Code   RO         1273    i.USART6_IRQHandler  stm32f4xx_it.o
    0x0800adb0   0x0800adb0   0x00000198   Code   RO         8133    i.USART_Data_Handle  bsp_transmit.o
    0x0800af48   0x0800af48   0x00000064   Code   RO         8134    i.USART_Data_Send   bsp_transmit.o
    0x0800afac   0x0800afac   0x0000001e   Code   RO         8135    i.USART_Data_init   bsp_transmit.o
    0x0800afca   0x0800afca   0x00000078   Code   RO         9055    i.USBD_CDC_DataIn   usbd_cdc.o
    0x0800b042   0x0800b042   0x0000003e   Code   RO         9056    i.USBD_CDC_DataOut  usbd_cdc.o
    0x0800b080   0x0800b080   0x00000098   Code   RO         9057    i.USBD_CDC_DeInit   usbd_cdc.o
    0x0800b118   0x0800b118   0x00000038   Code   RO         9058    i.USBD_CDC_EP0_RxReady  usbd_cdc.o
    0x0800b150   0x0800b150   0x0000000c   Code   RO         9059    i.USBD_CDC_GetDeviceQualifierDescriptor  usbd_cdc.o
    0x0800b15c   0x0800b15c   0x0000003c   Code   RO         9060    i.USBD_CDC_GetFSCfgDesc  usbd_cdc.o
    0x0800b198   0x0800b198   0x00000040   Code   RO         9061    i.USBD_CDC_GetHSCfgDesc  usbd_cdc.o
    0x0800b1d8   0x0800b1d8   0x0000003c   Code   RO         9062    i.USBD_CDC_GetOtherSpeedCfgDesc  usbd_cdc.o
    0x0800b214   0x0800b214   0x00000164   Code   RO         9063    i.USBD_CDC_Init     usbd_cdc.o
    0x0800b378   0x0800b378   0x00000048   Code   RO         9064    i.USBD_CDC_ReceivePacket  usbd_cdc.o
    0x0800b3c0   0x0800b3c0   0x00000018   Code   RO         9065    i.USBD_CDC_RegisterInterface  usbd_cdc.o
    0x0800b3d8   0x0800b3d8   0x0000001c   Code   RO         9066    i.USBD_CDC_SetRxBuffer  usbd_cdc.o
    0x0800b3f4   0x0800b3f4   0x00000020   Code   RO         9067    i.USBD_CDC_SetTxBuffer  usbd_cdc.o
    0x0800b414   0x0800b414   0x00000110   Code   RO         9068    i.USBD_CDC_Setup    usbd_cdc.o
    0x0800b524   0x0800b524   0x00000054   Code   RO         9069    i.USBD_CDC_TransmitPacket  usbd_cdc.o
    0x0800b578   0x0800b578   0x00000014   Code   RO         8735    i.USBD_ClrClassConfig  usbd_core.o
    0x0800b58c   0x0800b58c   0x00000026   Code   RO         8897    i.USBD_ClrFeature   usbd_ctlreq.o
    0x0800b5b2   0x0800b5b2   0x00000004   Code   RO         8736    i.USBD_CoreFindEP   usbd_core.o
    0x0800b5b6   0x0800b5b6   0x00000004   Code   RO         8737    i.USBD_CoreFindIF   usbd_core.o
    0x0800b5ba   0x0800b5ba   0x00000010   Code   RO         8995    i.USBD_CtlContinueRx  usbd_ioreq.o
    0x0800b5ca   0x0800b5ca   0x00000010   Code   RO         8996    i.USBD_CtlContinueSendData  usbd_ioreq.o
    0x0800b5da   0x0800b5da   0x00000018   Code   RO         8898    i.USBD_CtlError     usbd_ctlreq.o
    0x0800b5f2   0x0800b5f2   0x00000022   Code   RO         8997    i.USBD_CtlPrepareRx  usbd_ioreq.o
    0x0800b614   0x0800b614   0x00000016   Code   RO         8998    i.USBD_CtlReceiveStatus  usbd_ioreq.o
    0x0800b62a   0x0800b62a   0x0000001c   Code   RO         8999    i.USBD_CtlSendData  usbd_ioreq.o
    0x0800b646   0x0800b646   0x00000016   Code   RO         9000    i.USBD_CtlSendStatus  usbd_ioreq.o
    0x0800b65c   0x0800b65c   0x00000034   Code   RO          962    i.USBD_FS_ConfigStrDescriptor  usbd_desc.o
    0x0800b690   0x0800b690   0x00000010   Code   RO          963    i.USBD_FS_DeviceDescriptor  usbd_desc.o
    0x0800b6a0   0x0800b6a0   0x00000038   Code   RO          964    i.USBD_FS_InterfaceStrDescriptor  usbd_desc.o
    0x0800b6d8   0x0800b6d8   0x00000010   Code   RO          965    i.USBD_FS_LangIDStrDescriptor  usbd_desc.o
    0x0800b6e8   0x0800b6e8   0x0000002c   Code   RO          966    i.USBD_FS_ManufacturerStrDescriptor  usbd_desc.o
    0x0800b714   0x0800b714   0x00000040   Code   RO          967    i.USBD_FS_ProductStrDescriptor  usbd_desc.o
    0x0800b754   0x0800b754   0x00000018   Code   RO          968    i.USBD_FS_SerialStrDescriptor  usbd_desc.o
    0x0800b76c   0x0800b76c   0x00000034   Code   RO         8899    i.USBD_GetConfig    usbd_ctlreq.o
    0x0800b7a0   0x0800b7a0   0x000001b4   Code   RO         8900    i.USBD_GetDescriptor  usbd_ctlreq.o
    0x0800b954   0x0800b954   0x0000003c   Code   RO         8739    i.USBD_GetEpDesc    usbd_core.o
    0x0800b990   0x0800b990   0x00000018   Code   RO         8901    i.USBD_GetLen       usbd_ctlreq.o
    0x0800b9a8   0x0800b9a8   0x0000000e   Code   RO         8740    i.USBD_GetNextDesc  usbd_core.o
    0x0800b9b6   0x0800b9b6   0x00000036   Code   RO         8902    i.USBD_GetStatus    usbd_ctlreq.o
    0x0800b9ec   0x0800b9ec   0x00000058   Code   RO         8903    i.USBD_GetString    usbd_ctlreq.o
    0x0800ba44   0x0800ba44   0x0000002c   Code   RO          766    i.USBD_Get_USB_Status  usbd_conf.o
    0x0800ba70   0x0800ba70   0x00000028   Code   RO         8741    i.USBD_Init         usbd_core.o
    0x0800ba98   0x0800ba98   0x00000026   Code   RO          767    i.USBD_LL_ClearStallEP  usbd_conf.o
    0x0800babe   0x0800babe   0x00000026   Code   RO          768    i.USBD_LL_CloseEP   usbd_conf.o
    0x0800bae4   0x0800bae4   0x000000e2   Code   RO         8742    i.USBD_LL_DataInStage  usbd_core.o
    0x0800bbc6   0x0800bbc6   0x000000d0   Code   RO         8743    i.USBD_LL_DataOutStage  usbd_core.o
    0x0800bc96   0x0800bc96   0x00000004   Code   RO         8744    i.USBD_LL_DevConnected  usbd_core.o
    0x0800bc9a   0x0800bc9a   0x00000020   Code   RO         8745    i.USBD_LL_DevDisconnected  usbd_core.o
    0x0800bcba   0x0800bcba   0x00000012   Code   RO          772    i.USBD_LL_GetRxDataSize  usbd_conf.o
    0x0800bccc   0x0800bccc   0x00000068   Code   RO          773    i.USBD_LL_Init      usbd_conf.o
    0x0800bd34   0x0800bd34   0x00000038   Code   RO          774    i.USBD_LL_IsStallEP  usbd_conf.o
    0x0800bd6c   0x0800bd6c   0x0000002a   Code   RO         8746    i.USBD_LL_IsoINIncomplete  usbd_core.o
    0x0800bd96   0x0800bd96   0x0000002a   Code   RO         8747    i.USBD_LL_IsoOUTIncomplete  usbd_core.o
    0x0800bdc0   0x0800bdc0   0x00000030   Code   RO          775    i.USBD_LL_OpenEP    usbd_conf.o
    0x0800bdf0   0x0800bdf0   0x00000030   Code   RO          776    i.USBD_LL_PrepareReceive  usbd_conf.o
    0x0800be20   0x0800be20   0x00000062   Code   RO         8748    i.USBD_LL_Reset     usbd_core.o
    0x0800be82   0x0800be82   0x00000014   Code   RO         8749    i.USBD_LL_Resume    usbd_core.o
    0x0800be96   0x0800be96   0x0000001a   Code   RO         8750    i.USBD_LL_SOF       usbd_core.o
    0x0800beb0   0x0800beb0   0x00000006   Code   RO         8751    i.USBD_LL_SetSpeed  usbd_core.o
    0x0800beb6   0x0800beb6   0x00000026   Code   RO          777    i.USBD_LL_SetUSBAddress  usbd_conf.o
    0x0800bedc   0x0800bedc   0x00000064   Code   RO         8752    i.USBD_LL_SetupStage  usbd_core.o
    0x0800bf40   0x0800bf40   0x00000026   Code   RO          778    i.USBD_LL_StallEP   usbd_conf.o
    0x0800bf66   0x0800bf66   0x0000001e   Code   RO          779    i.USBD_LL_Start     usbd_conf.o
    0x0800bf84   0x0800bf84   0x0000001a   Code   RO         8753    i.USBD_LL_Suspend   usbd_core.o
    0x0800bf9e   0x0800bf9e   0x00000030   Code   RO          781    i.USBD_LL_Transmit  usbd_conf.o
    0x0800bfce   0x0800bfce   0x00000032   Code   RO         8904    i.USBD_ParseSetupRequest  usbd_ctlreq.o
    0x0800c000   0x0800c000   0x0000003a   Code   RO         8754    i.USBD_RegisterClass  usbd_core.o
    0x0800c03a   0x0800c03a   0x00000004   Code   RO         8755    i.USBD_RunTestMode  usbd_core.o
    0x0800c03e   0x0800c03e   0x00000058   Code   RO         8905    i.USBD_SetAddress   usbd_ctlreq.o
    0x0800c096   0x0800c096   0x00000014   Code   RO         8756    i.USBD_SetClassConfig  usbd_core.o
    0x0800c0aa   0x0800c0aa   0x00000002   PAD
    0x0800c0ac   0x0800c0ac   0x000000dc   Code   RO         8906    i.USBD_SetConfig    usbd_ctlreq.o
    0x0800c188   0x0800c188   0x00000024   Code   RO         8907    i.USBD_SetFeature   usbd_ctlreq.o
    0x0800c1ac   0x0800c1ac   0x00000004   Code   RO         8757    i.USBD_Start        usbd_core.o
    0x0800c1b0   0x0800c1b0   0x00000076   Code   RO         8908    i.USBD_StdDevReq    usbd_ctlreq.o
    0x0800c226   0x0800c226   0x00000234   Code   RO         8909    i.USBD_StdEPReq     usbd_ctlreq.o
    0x0800c45a   0x0800c45a   0x0000008e   Code   RO         8910    i.USBD_StdItfReq    usbd_ctlreq.o
    0x0800c4e8   0x0800c4e8   0x00000002   Code   RO          782    i.USBD_static_free  usbd_conf.o
    0x0800c4ea   0x0800c4ea   0x00000002   PAD
    0x0800c4ec   0x0800c4ec   0x0000000c   Code   RO          783    i.USBD_static_malloc  usbd_conf.o
    0x0800c4f8   0x0800c4f8   0x000000d0   Code   RO         2753    i.USB_ActivateEndpoint  stm32f4xx_ll_usb.o
    0x0800c5c8   0x0800c5c8   0x00000028   Code   RO         2755    i.USB_ActivateSetup  stm32f4xx_ll_usb.o
    0x0800c5f0   0x0800c5f0   0x0000008c   Code   RO         2757    i.USB_CoreInit      stm32f4xx_ll_usb.o
    0x0800c67c   0x0800c67c   0x00000062   Code   RO         2758    i.USB_CoreReset     stm32f4xx_ll_usb.o
    0x0800c6de   0x0800c6de   0x00000002   PAD
    0x0800c6e0   0x0800c6e0   0x0000014c   Code   RO         2761    i.USB_DeactivateEndpoint  stm32f4xx_ll_usb.o
    0x0800c82c   0x0800c82c   0x00000024   Code   RO         2762    i.USB_DevConnect    stm32f4xx_ll_usb.o
    0x0800c850   0x0800c850   0x00000024   Code   RO         2763    i.USB_DevDisconnect  stm32f4xx_ll_usb.o
    0x0800c874   0x0800c874   0x000001e8   Code   RO         2764    i.USB_DevInit       stm32f4xx_ll_usb.o
    0x0800ca5c   0x0800ca5c   0x0000000e   Code   RO         2765    i.USB_DisableGlobalInt  stm32f4xx_ll_usb.o
    0x0800ca6a   0x0800ca6a   0x00000002   PAD
    0x0800ca6c   0x0800ca6c   0x00000070   Code   RO         2768    i.USB_EP0_OutStart  stm32f4xx_ll_usb.o
    0x0800cadc   0x0800cadc   0x0000008e   Code   RO         2769    i.USB_EPClearStall  stm32f4xx_ll_usb.o
    0x0800cb6a   0x0800cb6a   0x0000009a   Code   RO         2770    i.USB_EPSetStall    stm32f4xx_ll_usb.o
    0x0800cc04   0x0800cc04   0x000003c0   Code   RO         2771    i.USB_EPStartXfer   stm32f4xx_ll_usb.o
    0x0800cfc4   0x0800cfc4   0x000000ec   Code   RO         2772    i.USB_EPStopXfer    stm32f4xx_ll_usb.o
    0x0800d0b0   0x0800d0b0   0x0000000e   Code   RO         2773    i.USB_EnableGlobalInt  stm32f4xx_ll_usb.o
    0x0800d0be   0x0800d0be   0x00000050   Code   RO         2774    i.USB_FlushRxFifo   stm32f4xx_ll_usb.o
    0x0800d10e   0x0800d10e   0x00000054   Code   RO         2775    i.USB_FlushTxFifo   stm32f4xx_ll_usb.o
    0x0800d162   0x0800d162   0x00000026   Code   RO         2777    i.USB_GetDevSpeed   stm32f4xx_ll_usb.o
    0x0800d188   0x0800d188   0x0000000a   Code   RO         2779    i.USB_GetMode       stm32f4xx_ll_usb.o
    0x0800d192   0x0800d192   0x00000014   Code   RO         2787    i.USB_ReadDevAllInEpInterrupt  stm32f4xx_ll_usb.o
    0x0800d1a6   0x0800d1a6   0x00000014   Code   RO         2788    i.USB_ReadDevAllOutEpInterrupt  stm32f4xx_ll_usb.o
    0x0800d1ba   0x0800d1ba   0x00000032   Code   RO         2789    i.USB_ReadDevInEPInterrupt  stm32f4xx_ll_usb.o
    0x0800d1ec   0x0800d1ec   0x0000001a   Code   RO         2790    i.USB_ReadDevOutEPInterrupt  stm32f4xx_ll_usb.o
    0x0800d206   0x0800d206   0x0000000a   Code   RO         2791    i.USB_ReadInterrupts  stm32f4xx_ll_usb.o
    0x0800d210   0x0800d210   0x00000060   Code   RO         2792    i.USB_ReadPacket    stm32f4xx_ll_usb.o
    0x0800d270   0x0800d270   0x00000068   Code   RO         2794    i.USB_SetCurrentMode  stm32f4xx_ll_usb.o
    0x0800d2d8   0x0800d2d8   0x0000002a   Code   RO         2795    i.USB_SetDevAddress  stm32f4xx_ll_usb.o
    0x0800d302   0x0800d302   0x00000012   Code   RO         2796    i.USB_SetDevSpeed   stm32f4xx_ll_usb.o
    0x0800d314   0x0800d314   0x000000e8   Code   RO         2797    i.USB_SetTurnaroundTime  stm32f4xx_ll_usb.o
    0x0800d3fc   0x0800d3fc   0x00000044   Code   RO         2800    i.USB_WritePacket   stm32f4xx_ll_usb.o
    0x0800d440   0x0800d440   0x00000004   Code   RO         1274    i.UsageFault_Handler  stm32f4xx_it.o
    0x0800d444   0x0800d444   0x00000060   Code   RO         9832    i.Vofa_Send_Data8   vofa.o
    0x0800d4a4   0x0800d4a4   0x00000114   Code   RO         8576    i.WHEEL_STATE_Ctrl  remote_control.o
    0x0800d5b8   0x0800d5b8   0x00000026   Code   RO        10729    i.__ARM_fpclassifyf  m_wm.l(fpclassifyf.o)
    0x0800d5de   0x0800d5de   0x00000002   PAD
    0x0800d5e0   0x0800d5e0   0x00000010   Code   RO         3868    i.__NVIC_GetPriorityGrouping  stm32f4xx_hal_cortex.o
    0x0800d5f0   0x0800d5f0   0x00000028   Code   RO         3869    i.__NVIC_SetPriority  stm32f4xx_hal_cortex.o
    0x0800d618   0x0800d618   0x00000118   Code   RO        10487    i.__hardfp_acosf    m_wm.l(acosf.o)
    0x0800d730   0x0800d730   0x0000012c   Code   RO        10499    i.__hardfp_asinf    m_wm.l(asinf.o)
    0x0800d85c   0x0800d85c   0x000002ac   Code   RO        10511    i.__hardfp_atan2f   m_wm.l(atan2f.o)
    0x0800db08   0x0800db08   0x00000014   Code   RO        10535    i.__hardfp_fabs     m_wm.l(fabs.o)
    0x0800db1c   0x0800db1c   0x0000003a   Code   RO        10573    i.__hardfp_sqrtf    m_wm.l(sqrtf_full.o)
    0x0800db56   0x0800db56   0x00000006   Code   RO        10732    i.__mathlib_flt_infnan  m_wm.l(funder.o)
    0x0800db5c   0x0800db5c   0x00000006   Code   RO        10733    i.__mathlib_flt_infnan2  m_wm.l(funder.o)
    0x0800db62   0x0800db62   0x00000002   PAD
    0x0800db64   0x0800db64   0x00000010   Code   RO        10734    i.__mathlib_flt_invalid  m_wm.l(funder.o)
    0x0800db74   0x0800db74   0x00000010   Code   RO        10737    i.__mathlib_flt_underflow  m_wm.l(funder.o)
    0x0800db84   0x0800db84   0x000000b8   Code   RO         9953    i.back_stick        trigger_task.o
    0x0800dc3c   0x0800dc3c   0x0000016c   Code   RO         7490    i.bmi088_accel_init  bmi088driver.o
    0x0800dda8   0x0800dda8   0x00000130   Code   RO         7491    i.bmi088_gyro_init  bmi088driver.o
    0x0800ded8   0x0800ded8   0x00000040   Code   RO         7824    i.can1_user_init    bsp_can.o
    0x0800df18   0x0800df18   0x00000044   Code   RO         7825    i.can2_user_init    bsp_can.o
    0x0800df5c   0x0800df5c   0x000000cc   Code   RO         9511    i.chassis_mode_change  mode_task.o
    0x0800e028   0x0800e028   0x000000a4   Code   RO         9512    i.chassis_pc_ctrl   mode_task.o
    0x0800e0cc   0x0800e0cc   0x0000006c   Code   RO         9513    i.chassis_rc_ctrl   mode_task.o
    0x0800e138   0x0800e138   0x00000014   Code   RO         8412    i.communication_frame_rate_update  detect.o
    0x0800e14c   0x0800e14c   0x00000030   Code   RO         9954    i.continuous_shoot  trigger_task.o
    0x0800e17c   0x0800e17c   0x00000118   Code   RO         7827    i.ctrl_motor        bsp_can.o
    0x0800e294   0x0800e294   0x000000c0   Code   RO         8262    i.damiao_4310_data_handle  can_receive.o
    0x0800e354   0x0800e354   0x00000050   Code   RO         7828    i.damiao_exit       bsp_can.o
    0x0800e3a4   0x0800e3a4   0x00000050   Code   RO         7829    i.damiao_init       bsp_can.o
    0x0800e3f4   0x0800e3f4   0x00000080   Code   RO         8413    i.detect_init       detect.o
    0x0800e474   0x0800e474   0x00000028   Code   RO         9955    i.driver_idle_stop  trigger_task.o
    0x0800e49c   0x0800e49c   0x00000080   Code   RO         9650    i.enable_disable_DM4310  send_current_task.o
    0x0800e51c   0x0800e51c   0x00000082   Code   RO         8263    i.encoder_data_handle  can_receive.o
    0x0800e59e   0x0800e59e   0x00000002   PAD
    0x0800e5a0   0x0800e5a0   0x000000f0   Code   RO         7358    i.f_Changing_Integration_Rate  controller.o
    0x0800e690   0x0800e690   0x00000056   Code   RO         7359    i.f_Derivative_Filter  controller.o
    0x0800e6e6   0x0800e6e6   0x000000f4   Code   RO         7360    i.f_Derivative_On_Measurement  controller.o
    0x0800e7da   0x0800e7da   0x00000002   PAD
    0x0800e7dc   0x0800e7dc   0x000000f0   Code   RO         7361    i.f_Integral_Limit  controller.o
    0x0800e8cc   0x0800e8cc   0x00000056   Code   RO         7362    i.f_Output_Filter   controller.o
    0x0800e922   0x0800e922   0x00000046   Code   RO         7363    i.f_Output_Limit    controller.o
    0x0800e968   0x0800e968   0x000000b4   Code   RO         7364    i.f_PID_ErrorHandle  controller.o
    0x0800ea1c   0x0800ea1c   0x00000046   Code   RO         7365    i.f_Proportion_Limit  controller.o
    0x0800ea62   0x0800ea62   0x00000080   Code   RO         7366    i.f_Trapezoid_Intergral  controller.o
    0x0800eae2   0x0800eae2   0x00000002   PAD
    0x0800eae4   0x0800eae4   0x00000084   Code   RO         8523    i.feedforward_control_calc  pid.o
    0x0800eb68   0x0800eb68   0x0000002e   Code   RO         8524    i.feedforward_control_init  pid.o
    0x0800eb96   0x0800eb96   0x0000005e   Code   RO         8489    i.first_order_filter_cali  lowpass.o
    0x0800ebf4   0x0800ebf4   0x00000024   Code   RO         8490    i.first_order_filter_init  lowpass.o
    0x0800ec18   0x0800ec18   0x0000002a   Code   RO         7146    i.float_constrain   user_lib.o
    0x0800ec42   0x0800ec42   0x00000002   PAD
    0x0800ec44   0x0800ec44   0x00000048   Code   RO         7148    i.float_rounding    user_lib.o
    0x0800ec8c   0x0800ec8c   0x00000032   Code   RO         8264    i.float_to_uint     can_receive.o
    0x0800ecbe   0x0800ecbe   0x0000001a   Code   RO         9956    i.floatabs          trigger_task.o
    0x0800ecd8   0x0800ecd8   0x000000e0   Code   RO         9163    i.fold_state_judge  gimbal_task.o
    0x0800edb8   0x0800edb8   0x000000ac   Code   RO         9893    i.frictiongear_calc  shoot_task.o
    0x0800ee64   0x0800ee64   0x00000012   Code   RO         8265    i.get_moto_offset   can_receive.o
    0x0800ee76   0x0800ee76   0x00000002   PAD
    0x0800ee78   0x0800ee78   0x00000418   Code   RO         9164    i.gimbal_init       gimbal_task.o
    0x0800f290   0x0800f290   0x0000003c   Code   RO         9165    i.gimbal_mode_key_ctrl  gimbal_task.o
    0x0800f2cc   0x0800f2cc   0x000000e0   Code   RO         9166    i.gimbal_mode_key_fold  gimbal_task.o
    0x0800f3ac   0x0800f3ac   0x00000054   Code   RO         9167    i.gimbal_mode_key_idle  gimbal_task.o
    0x0800f400   0x0800f400   0x00000100   Code   RO         9168    i.gimbal_mode_key_normal  gimbal_task.o
    0x0800f500   0x0800f500   0x000000f0   Code   RO         9169    i.gimbal_mode_key_vision  gimbal_task.o
    0x0800f5f0   0x0800f5f0   0x0000003c   Code   RO         9170    i.gimbal_mode_rc_ctrl  gimbal_task.o
    0x0800f62c   0x0800f62c   0x000000dc   Code   RO         9171    i.gimbal_mode_rc_fold  gimbal_task.o
    0x0800f708   0x0800f708   0x00000054   Code   RO         9172    i.gimbal_mode_rc_idle  gimbal_task.o
    0x0800f75c   0x0800f75c   0x000000bc   Code   RO         9173    i.gimbal_mode_rc_normal  gimbal_task.o
    0x0800f818   0x0800f818   0x000000f0   Code   RO         9174    i.gimbal_mode_rc_vision  gimbal_task.o
    0x0800f908   0x0800f908   0x000000c4   Code   RO         9515    i.gimbal_pc_ctrl    mode_task.o
    0x0800f9cc   0x0800f9cc   0x0000040c   Code   RO         9175    i.gimbal_pid_calc   gimbal_task.o
    0x0800fdd8   0x0800fdd8   0x0000008c   Code   RO         9516    i.gimbal_rc_ctrl    mode_task.o
    0x0800fe64   0x0800fe64   0x00000060   Code   RO         9176    i.gimbal_task       gimbal_task.o
    0x0800fec4   0x0800fec4   0x0000003c   Code   RO         7286    i.invSqrt           quaternionekf.o
    0x0800ff00   0x0800ff00   0x00000064   Code   RO           16    i.main              main.o
    0x0800ff64   0x0800ff64   0x0000000e   Code   RO         6544    i.makeFreeRtosPriority  cmsis_os.o
    0x0800ff72   0x0800ff72   0x00000002   PAD
    0x0800ff74   0x0800ff74   0x00000024   Code   RO         9517    i.mode_init         mode_task.o
    0x0800ff98   0x0800ff98   0x0000006c   Code   RO         9518    i.mode_task         mode_task.o
    0x08010004   0x08010004   0x0000007c   Code   RO         9957    i.once_shoot        trigger_task.o
    0x08010080   0x08010080   0x00000018   Code   RO         6546    i.osDelay           cmsis_os.o
    0x08010098   0x08010098   0x0000000a   Code   RO         6549    i.osKernelStart     cmsis_os.o
    0x080100a2   0x080100a2   0x0000005e   Code   RO         6583    i.osThreadCreate    cmsis_os.o
    0x08010100   0x08010100   0x0000008c   Code   RO         9651    i.pitch_ctrl_current  send_current_task.o
    0x0801018c   0x0801018c   0x00000038   Code   RO         9177    i.pitch_protect     gimbal_task.o
    0x080101c4   0x080101c4   0x00000098   Code   RO         6155    i.prvAddCurrentTaskToDelayedList  tasks.o
    0x0801025c   0x0801025c   0x000000b8   Code   RO         6156    i.prvAddNewTaskToReadyList  tasks.o
    0x08010314   0x08010314   0x00000048   Code   RO         6157    i.prvCheckTasksWaitingTermination  tasks.o
    0x0801035c   0x0801035c   0x00000050   Code   RO         6158    i.prvDeleteTCB      tasks.o
    0x080103ac   0x080103ac   0x0000007c   Code   RO         6911    i.prvHeapInit       heap_4.o
    0x08010428   0x08010428   0x00000028   Code   RO         6159    i.prvIdleTask       tasks.o
    0x08010450   0x08010450   0x000000be   Code   RO         6160    i.prvInitialiseNewTask  tasks.o
    0x0801050e   0x0801050e   0x00000002   PAD
    0x08010510   0x08010510   0x00000068   Code   RO         6161    i.prvInitialiseTaskLists  tasks.o
    0x08010578   0x08010578   0x00000068   Code   RO         6912    i.prvInsertBlockIntoFreeList  heap_4.o
    0x080105e0   0x080105e0   0x00000034   Code   RO         6163    i.prvResetNextTaskUnblockTime  tasks.o
    0x08010614   0x08010614   0x00000016   Code   RO         6164    i.prvTaskCheckFreeStackSpace  tasks.o
    0x0801062a   0x0801062a   0x00000002   PAD
    0x0801062c   0x0801062c   0x00000040   Code   RO         6980    i.prvTaskExitError  port.o
    0x0801066c   0x0801066c   0x0000014c   Code   RO         6913    i.pvPortMalloc      heap_4.o
    0x080107b8   0x080107b8   0x0000002c   Code   RO         6981    i.pxPortInitialiseStack  port.o
    0x080107e4   0x080107e4   0x00000178   Code   RO         9752    i.receive_vision    vision.o
    0x0801095c   0x0801095c   0x00000014   Code   RO         8579    i.remote_control_init  remote_control.o
    0x08010970   0x08010970   0x000002a8   Code   RO         8580    i.sbus_to_rc        remote_control.o
    0x08010c18   0x08010c18   0x00000026   Code   RO         9652    i.send_current_task  send_current_task.o
    0x08010c3e   0x08010c3e   0x00000002   PAD
    0x08010c40   0x08010c40   0x000000b8   Code   RO         9753    i.send_vision       vision.o
    0x08010cf8   0x08010cf8   0x0000006c   Code   RO         7831    i.set_motor_current  bsp_can.o
    0x08010d64   0x08010d64   0x00000034   Code   RO         9653    i.shoot_ctrl_current  send_current_task.o
    0x08010d98   0x08010d98   0x0000004c   Code   RO         9894    i.shoot_init        shoot_task.o
    0x08010de4   0x08010de4   0x00000034   Code   RO         9519    i.shoot_pc_ctrl     mode_task.o
    0x08010e18   0x08010e18   0x00000040   Code   RO         9520    i.shoot_rc_ctrl     mode_task.o
    0x08010e58   0x08010e58   0x00000002   Code   RO         9895    i.shoot_speed_adjust  shoot_task.o
    0x08010e5a   0x08010e5a   0x00000020   Code   RO         9897    i.shoot_task        shoot_task.o
    0x08010e7a   0x08010e7a   0x00000002   PAD
    0x08010e7c   0x08010e7c   0x00000050   Code   RO         9180    i.shortestAngleDiff  gimbal_task.o
    0x08010ecc   0x08010ecc   0x0000003e   Code   RO        10575    i.sqrtf             m_wm.l(sqrtf_full.o)
    0x08010f0a   0x08010f0a   0x00000002   PAD
    0x08010f0c   0x08010f0c   0x000000b0   Code   RO         9958    i.stick_judge       trigger_task.o
    0x08010fbc   0x08010fbc   0x00000088   Code   RO         9521    i.system_conctrl    mode_task.o
    0x08011044   0x08011044   0x0000009c   Code   RO         9898    i.temp_shoot        shoot_task.o
    0x080110e0   0x080110e0   0x000000cc   Code   RO         9522    i.tirgger_pc_ctrl   mode_task.o
    0x080111ac   0x080111ac   0x000000b4   Code   RO         9523    i.tirgger_rc_ctrl   mode_task.o
    0x08011260   0x08011260   0x0000008c   Code   RO         9959    i.trigger_back      trigger_task.o
    0x080112ec   0x080112ec   0x00000098   Code   RO         9960    i.trigger_init      trigger_task.o
    0x08011384   0x08011384   0x000000c8   Code   RO         9961    i.trigger_pid_calc  trigger_task.o
    0x0801144c   0x0801144c   0x00000024   Code   RO         9962    i.trigger_state_judge  trigger_task.o
    0x08011470   0x08011470   0x00000064   Code   RO         9963    i.trigger_task      trigger_task.o
    0x080114d4   0x080114d4   0x0000003c   Code   RO         9182    i.turn_round        gimbal_task.o
    0x08011510   0x08011510   0x00000178   Code   RO         9183    i.turn_round_over   gimbal_task.o
    0x08011688   0x08011688   0x000000b8   Code   RO         9754    i.tx_handle         vision.o
    0x08011740   0x08011740   0x00000034   Code   RO         8266    i.uint_to_float     can_receive.o
    0x08011774   0x08011774   0x00000028   Code   RO         5744    i.uxListRemove      list.o
    0x0801179c   0x0801179c   0x00000028   Code   RO         6171    i.uxTaskGetStackHighWaterMark  tasks.o
    0x080117c4   0x080117c4   0x00000018   Code   RO          331    i.vApplicationGetIdleTaskMemory  freertos.o
    0x080117dc   0x080117dc   0x0000001a   Code   RO         5745    i.vListInitialise   list.o
    0x080117f6   0x080117f6   0x00000006   Code   RO         5746    i.vListInitialiseItem  list.o
    0x080117fc   0x080117fc   0x00000034   Code   RO         5747    i.vListInsert       list.o
    0x08011830   0x08011830   0x00000018   Code   RO         5748    i.vListInsertEnd    list.o
    0x08011848   0x08011848   0x00000054   Code   RO         6983    i.vPortEnterCritical  port.o
    0x0801189c   0x0801189c   0x0000003c   Code   RO         6984    i.vPortExitCritical  port.o
    0x080118d8   0x080118d8   0x000000a4   Code   RO         6914    i.vPortFree         heap_4.o
    0x0801197c   0x0801197c   0x00000028   Code   RO         6985    i.vPortSetupTimerInterrupt  port.o
    0x080119a4   0x080119a4   0x0000005c   Code   RO         6177    i.vTaskDelay        tasks.o
    0x08011a00   0x08011a00   0x000000b0   Code   RO         6193    i.vTaskStartScheduler  tasks.o
    0x08011ab0   0x08011ab0   0x00000010   Code   RO         6195    i.vTaskSuspendAll   tasks.o
    0x08011ac0   0x08011ac0   0x0000008c   Code   RO         6196    i.vTaskSwitchContext  tasks.o
    0x08011b4c   0x08011b4c   0x0000005c   Code   RO         9524    i.vision_pc_ctrl    mode_task.o
    0x08011ba8   0x08011ba8   0x0000003c   Code   RO         9525    i.vision_rc_ctrl    mode_task.o
    0x08011be4   0x08011be4   0x0000000e   Code   RO         9755    i.vision_task       vision.o
    0x08011bf2   0x08011bf2   0x00000002   PAD
    0x08011bf4   0x08011bf4   0x00000168   Code   RO         6987    i.xPortStartScheduler  port.o
    0x08011d5c   0x08011d5c   0x00000064   Code   RO         6199    i.xTaskCreate       tasks.o
    0x08011dc0   0x08011dc0   0x000000ba   Code   RO         6200    i.xTaskCreateStatic  tasks.o
    0x08011e7a   0x08011e7a   0x00000002   PAD
    0x08011e7c   0x08011e7c   0x00000148   Code   RO         6207    i.xTaskIncrementTick  tasks.o
    0x08011fc4   0x08011fc4   0x00000104   Code   RO         6213    i.xTaskResumeAll    tasks.o
    0x080120c8   0x080120c8   0x0000005c   Code   RO         9654    i.yaw_ctrl_current  send_current_task.o
    0x08012124   0x08012124   0x00000070   Code   RO         9184    i.yaw_limit         gimbal_task.o
    0x08012194   0x08012194   0x00000044   Code   RO         9185    i.zero_180          gimbal_task.o
    0x080121d8   0x080121d8   0x00000018   Code   RO        10689    x$fpl$dcmpinf       g_wm.l(dcmpi.o)
    0x080121f0   0x080121f0   0x00000074   Code   RO        10471    x$fpl$deqf          g_wm.l(deqf.o)
    0x08012264   0x08012264   0x0000002e   Code   RO        10474    x$fpl$dflt          g_wm.l(dflt_clz.o)
    0x08012292   0x08012292   0x0000001a   Code   RO        10475    x$fpl$dfltn         g_wm.l(dflt_clz.o)
    0x080122ac   0x080122ac   0x00000078   Code   RO        10479    x$fpl$dleqf         g_wm.l(dleqf.o)
    0x08012324   0x08012324   0x00000102   Code   RO        10691    x$fpl$dnaninf       g_wm.l(dnaninf.o)
    0x08012426   0x08012426   0x00000070   Code   RO        10693    x$fpl$drenorm       g_wm.l(drenorm_clz.o)
    0x08012496   0x08012496   0x0000000c   Code   RO        10695    x$fpl$dretinf       g_wm.l(dretinf.o)
    0x080124a2   0x080124a2   0x00000062   Code   RO        10483    x$fpl$drleqf        g_wm.l(drleqf.o)
    0x08012504   0x08012504   0x0000017a   Code   RO        10699    x$fpl$dunder        g_wm.l(dunder_clz.o)
    0x0801267e   0x0801267e   0x00000002   PAD
    0x08012680   0x08012680   0x000001ec   Code   RO        10701    x$fpl$exception     g_wm.l(except.o)
    0x0801286c   0x0801286c   0x0000007a   Code   RO        10485    x$fpl$f2d           g_wm.l(f2d.o)
    0x080128e6   0x080128e6   0x000000f2   Code   RO        10703    x$fpl$fnaninf       g_wm.l(fnaninf.o)
    0x080129d8   0x080129d8   0x0000000a   Code   RO        10811    x$fpl$fpinit        g_wm.l(fpinit.o)
    0x080129e2   0x080129e2   0x0000013c   Code   RO        10707    x$fpl$funder        g_wm.l(funder_clz.o)
    0x08012b1e   0x08012b1e   0x000000b2   Code   RO        10813    x$fpl$retnan        g_wm.l(retnan.o)
    0x08012bd0   0x08012bd0   0x0000007e   Code   RO        10709    x$fpl$trapveneer    g_wm.l(trapv.o)
    0x08012c4e   0x08012c4e   0x00000000   Code   RO        10711    x$fpl$usenofp       g_wm.l(usenofp.o)
    0x08012c4e   0x08012c4e   0x00000002   PAD
    0x08012c50   0x08012c50   0x00000134   Data   RO          334    .constdata          freertos.o
    0x08012d84   0x08012d84   0x00000008   Data   RO         3582    .constdata          stm32f4xx_hal_dma.o
    0x08012d8c   0x08012d8c   0x00000018   Data   RO         5596    .constdata          system_stm32f4xx.o
    0x08012da4   0x08012da4   0x00000090   Data   RO         7288    .constdata          quaternionekf.o
    0x08012e34   0x08012e34   0x00000030   Data   RO         7670    .constdata          ins_task.o
    0x08012e64   0x08012e64   0x00000016   Data   RO         8416    .constdata          detect.o
    0x08012e7a   0x08012e7a   0x00000002   PAD
    0x08012e7c   0x08012e7c   0x00000804   Data   RO        10318    .constdata          arm_cortexM4lf_math.lib(arm_common_tables.o)
    0x08013680   0x08013680   0x00000088   Data   RO          335    .conststring        freertos.o
    0x08013708   0x08013708   0x00000020   Data   RO        10906    Region$$Table       anon$$obj.o


    Execution Region RW_IRAM1 (Exec base: 0x20000000, Load base: 0x08013728, Size: 0x0000f0e8, Max: 0x0001c000, ABSOLUTE, COMPRESSED[0x00000184])

    Exec Addr    Load Addr    Size         Type   Attr      Idx    E Section Name        Object

    0x20000000   COMPRESSED   0x0000002c   Data   RW          336    .data               freertos.o
    0x2000002c   COMPRESSED   0x00000004   Data   RW          447    .data               can.o
    0x20000030   COMPRESSED   0x0000004e   Data   RW          970    .data               usbd_desc.o
    0x2000007e   COMPRESSED   0x00000002   PAD
    0x20000080   COMPRESSED   0x00000014   Data   RW         1057    .data               usbd_cdc_if.o
    0x20000094   COMPRESSED   0x00000006   Data   RW         1275    .data               stm32f4xx_it.o
    0x2000009a   COMPRESSED   0x00000002   PAD
    0x2000009c   COMPRESSED   0x00000009   Data   RW         4032    .data               stm32f4xx_hal.o
    0x200000a5   COMPRESSED   0x00000003   PAD
    0x200000a8   COMPRESSED   0x00000004   Data   RW         5597    .data               system_stm32f4xx.o
    0x200000ac   COMPRESSED   0x0000003c   Data   RW         6216    .data               tasks.o
    0x200000e8   COMPRESSED   0x00000020   Data   RW         6920    .data               heap_4.o
    0x20000108   COMPRESSED   0x0000000c   Data   RW         6988    .data               port.o
    0x20000114   COMPRESSED   0x00000004   Data   RW         7067    .data               kalman_filter.o
    0x20000118   COMPRESSED   0x00000018   Data   RW         7156    .data               user_lib.o
    0x20000130   COMPRESSED   0x000000d4   Data   RW         7289    .data               quaternionekf.o
    0x20000204   COMPRESSED   0x00000270   Data   RW         7367    .data               controller.o
    0x20000474   COMPRESSED   0x00000048   Data   RW         7493    .data               bmi088driver.o
    0x200004bc   COMPRESSED   0x00000004   Data   RW         7570    .data               bmi088middleware.o
    0x200004c0   COMPRESSED   0x00000060   Data   RW         7671    .data               ins_task.o
    0x20000520   COMPRESSED   0x0000000c   Data   RW         7832    .data               bsp_can.o
    0x2000052c   COMPRESSED   0x00000004   PAD
    0x20000530   COMPRESSED   0x00000048   Data   RW         7917    .data               bsp_dwt.o
    0x20000578   COMPRESSED   0x00000008   Data   RW         8137    .data               bsp_transmit.o
    0x20000580   COMPRESSED   0x00000018   Data   RW         8268    .data               can_receive.o
    0x20000598   COMPRESSED   0x00000004   Data   RW         8417    .data               detect.o
    0x2000059c   COMPRESSED   0x00000004   Data   RW         8525    .data               pid.o
    0x200005a0   COMPRESSED   0x00000036   Data   RW         8582    .data               remote_control.o
    0x200005d6   COMPRESSED   0x00000001   Data   RW         8911    .data               usbd_ctlreq.o
    0x200005d7   COMPRESSED   0x00000001   PAD
    0x200005d8   COMPRESSED   0x00000053   Data   RW         9070    .data               usbd_cdc.o
    0x2000062b   COMPRESSED   0x00000001   PAD
    0x2000062c   COMPRESSED   0x00000038   Data   RW         9071    .data               usbd_cdc.o
    0x20000664   COMPRESSED   0x00000010   Data   RW         9188    .data               gimbal_task.o
    0x20000674   COMPRESSED   0x00000020   Data   RW         9526    .data               mode_task.o
    0x20000694   COMPRESSED   0x0000000a   Data   RW         9655    .data               send_current_task.o
    0x2000069e   COMPRESSED   0x00000002   PAD
    0x200006a0   COMPRESSED   0x0000000c   Data   RW         9757    .data               vision.o
    0x200006ac   COMPRESSED   0x00000044   Data   RW         9833    .data               vofa.o
    0x200006f0   COMPRESSED   0x00000010   Data   RW         9965    .data               trigger_task.o
    0x20000700        -       0x0000025c   Zero   RW          333    .bss                freertos.o
    0x2000095c        -       0x00000050   Zero   RW          446    .bss                can.o
    0x200009ac        -       0x00000020   Zero   RW          518    .bss                rtc.o
    0x200009cc        -       0x00000118   Zero   RW          560    .bss                spi.o
    0x20000ae4        -       0x00000048   Zero   RW          603    .bss                tim.o
    0x20000b2c        -       0x000002b8   Zero   RW          652    .bss                usart.o
    0x20000de4        -       0x000002dc   Zero   RW          706    .bss                usb_device.o
    0x200010c0        -       0x00000704   Zero   RW          784    .bss                usbd_conf.o
    0x200017c4        -       0x00000200   Zero   RW          969    .bss                usbd_desc.o
    0x200019c4        -       0x00001000   Zero   RW         1056    .bss                usbd_cdc_if.o
    0x200029c4        -       0x00000048   Zero   RW         1447    .bss                stm32f4xx_hal_timebase_tim.o
    0x20002a0c        -       0x000000f0   Zero   RW         6215    .bss                tasks.o
    0x20002afc        -       0x00007530   Zero   RW         6919    .bss                heap_4.o
    0x2000a02c   COMPRESSED   0x00000004   PAD
    0x2000a030        -       0x00000270   Zero   RW         7287    .bss                quaternionekf.o
    0x2000a2a0        -       0x00000040   Zero   RW         7492    .bss                bmi088driver.o
    0x2000a2e0        -       0x00000178   Zero   RW         7669    .bss                ins_task.o
    0x2000a458        -       0x0000006c   Zero   RW         8136    .bss                bsp_transmit.o
    0x2000a4c4        -       0x000000fc   Zero   RW         8267    .bss                can_receive.o
    0x2000a5c0        -       0x00000108   Zero   RW         8415    .bss                detect.o
    0x2000a6c8        -       0x00000094   Zero   RW         8581    .bss                remote_control.o
    0x2000a75c        -       0x0000068c   Zero   RW         9187    .bss                gimbal_task.o
    0x2000ade8        -       0x00000127   Zero   RW         9756    .bss                vision.o
    0x2000af0f   COMPRESSED   0x00000001   PAD
    0x2000af10        -       0x000000a4   Zero   RW         9899    .bss                shoot_task.o
    0x2000afb4        -       0x000000d0   Zero   RW         9964    .bss                trigger_task.o
    0x2000b084        -       0x00000060   Zero   RW        10762    .bss                c_w.l(libspace.o)
    0x2000b0e4   COMPRESSED   0x00000004   PAD
    0x2000b0e8        -       0x00002000   Zero   RW            2    HEAP                startup_stm32f407xx.o
    0x2000d0e8        -       0x00002000   Zero   RW            1    STACK               startup_stm32f407xx.o


    Execution Region RW_IRAM2 (Exec base: 0x2001c000, Load base: 0x080138ac, Size: 0x00000000, Max: 0x00004000, ABSOLUTE)

    **** No section assigned to this execution region ****


==============================================================================

Image component sizes


      Code (inc. data)   RO Data    RW Data    ZI Data      Debug   Object Name

      2882        174          0         72         64      10205   bmi088driver.o
       116         30          0          4          0       3300   bmi088middleware.o
       772         40          0         12          0       5992   bsp_can.o
       592        114          0         72          0       4437   bsp_dwt.o
        58          0          0          0          0        858   bsp_pwm.o
       236         22          0          0          0       1963   bsp_rc.o
       710         42          0          8        108       6113   bsp_transmit.o
       520         44          0          4         80       2418   can.o
       694         54          0         24        252     577149   can_receive.o
       142          0          0          0          0      23031   cmsis_os.o
      2252         38          0        624          0      12628   controller.o
       320         30         22          4        264       3836   detect.o
       184          6          0          0          0        834   dma.o
         0          0          0          0          0      16900   event_groups.o
       374         62        444         44        604       3992   freertos.o
      4812        710          0         16       1676      17438   gimbal_task.o
       612         26          0          0          0       1299   gpio.o
       724         74          0         32      30000       7435   heap_4.o
      2712        232         48         96        376      11780   ins_task.o
       198          6          0          0          0       1842   kalman.o
      3160         26          0          4          0       8807   kalman_filter.o
       148          0          0          0          0       3582   list.o
       130          4          0          0          0       1924   lowpass.o
       304         14          0          0          0     782396   main.o
      1744        224          0         32          0       9202   mode_task.o
       694         16          0          4          0       4120   pid.o
       894         78          0         12          0      11176   port.o
      4156        234        144        212        624      10379   quaternionekf.o
      1566         84          0         54        148       8564   remote_control.o
       116         22          0          0         32       1511   rtc.o
       450         66          0         10          0       2997   send_current_task.o
       438         68          0          0        164       3502   shoot_task.o
       416         38          0          0        280       1907   spi.o
        64         26        392          0      16384        848   startup_stm32f407xx.o
       136         24          0          9          0       8730   stm32f4xx_hal.o
      2142          4          0          0          0      13831   stm32f4xx_hal_can.o
       260         22          0          0          0      33574   stm32f4xx_hal_cortex.o
      1442         16          8          0          0       7649   stm32f4xx_hal_dma.o
       542         50          0          0          0       3336   stm32f4xx_hal_gpio.o
        84          6          0          0          0        838   stm32f4xx_hal_msp.o
      3562         16          0          0          0      13824   stm32f4xx_hal_pcd.o
        90          0          0          0          0       2441   stm32f4xx_hal_pcd_ex.o
      1888         94          0          0          0       6301   stm32f4xx_hal_rcc.o
       416         20          0          0          0       1408   stm32f4xx_hal_rcc_ex.o
       356         10          0          0          0       3295   stm32f4xx_hal_rtc.o
      1136         12          0          0          0       4661   stm32f4xx_hal_spi.o
      1972        142          0          0          0      12800   stm32f4xx_hal_tim.o
         4          0          0          0          0       1605   stm32f4xx_hal_tim_ex.o
       180         18          0          0         72       1459   stm32f4xx_hal_timebase_tim.o
      3016         40          0          0          0      18552   stm32f4xx_hal_uart.o
       444        106          0          6          0      12781   stm32f4xx_it.o
      3908         84          0          0          0      22936   stm32f4xx_ll_usb.o
         0          0          0          0          0        392   stream_buffer.o
        20          6         24          4          0       1115   system_stm32f4xx.o
      2234        274          0         60        240      21911   tasks.o
       260         30          0          0         72       2266   tim.o
      1226        184          0         16        208       7113   trigger_task.o
      1044        102          0          0        696       3595   usart.o
        76         16          0          0        732        752   usb_device.o
      1454         38          0        139          0      14733   usbd_cdc.o
       228         30          0         20       4096      14207   usbd_cdc_if.o
      1004         24          0          0       1796      16904   usbd_conf.o
      1058          0          0          0          0      16401   usbd_core.o
      1934         28          0          1          0      18060   usbd_ctlreq.o
       386        122          0         78        512       6645   usbd_desc.o
       138          0          0          0          0       4548   usbd_ioreq.o
       790         26          0         24          0       6591   user_lib.o
      1002         60          0         12        295       6486   vision.o
       216         24          0         68          0       2316   vofa.o

    ----------------------------------------------------------------------
     67916       4232       1116       1792      59780    1878421   Object Totals
         0          0         32          0          0          0   (incl. Generated)
        78          0          2         15          5          0   (incl. Padding)

    ----------------------------------------------------------------------

      Code (inc. data)   RO Data    RW Data    ZI Data      Debug   Library Member Name

         0          0       2052          0          0       4704   arm_common_tables.o
       120         12          0          0          0      17170   arm_cos_f32.o
       264          0          0          0          0       1826   arm_mat_add_f32.o
         8          0          0          0          0        999   arm_mat_init_f32.o
      1328          4          0          0          0       4782   arm_mat_inverse_f32.o
       316          4          0          0          0       2375   arm_mat_mult_f32.o
       264          0          0          0          0       1826   arm_mat_sub_f32.o
       276          0          0          0          0       2240   arm_mat_trans_f32.o
       148         18          0          0          0        814   arm_sin_f32.o
        90          0          0          0          0          0   __dczerorl2.o
         8          0          0          0          0         68   __main.o
         0          0          0          0          0          0   __rtentry.o
        12          0          0          0          0          0   __rtentry2.o
         6          0          0          0          0          0   __rtentry4.o
        52          8          0          0          0          0   __scatter.o
        28          0          0          0          0          0   __scatter_zi.o
        48          4          0          0          0         84   _fptrap.o
        22          0          0          0          0        100   _rserrno.o
        16          0          0          0          0         68   aeabi_memset.o
        10          0          0          0          0         68   defsig_exit.o
       172        110          0          0          0         76   defsig_fpe_inner.o
        14          0          0          0          0         80   defsig_fpe_outer.o
        50          0          0          0          0         88   defsig_general.o
        80         58          0          0          0         76   defsig_rtmem_inner.o
        14          0          0          0          0         80   defsig_rtmem_outer.o
        18          0          0          0          0         80   exit.o
        94          0          0          0          0         80   h1_alloc.o
        52          0          0          0          0         68   h1_extend.o
        78          0          0          0          0         80   h1_free.o
        14          0          0          0          0         84   h1_init.o
         6          0          0          0          0        152   heapauxi.o
         4          0          0          0          0        136   hguard.o
         0          0          0          0          0          0   indicate_semi.o
       138          0          0          0          0        168   init_alloc.o
         2          0          0          0          0          0   libinit.o
        14          0          0          0          0          0   libinit2.o
         2          0          0          0          0          0   libshutdown.o
         2          0          0          0          0          0   libshutdown2.o
         8          4          0          0         96         68   libspace.o
       238          0          0          0          0        100   lludivv7m.o
         0          0          0          0          0          0   maybetermalloc1.o
         8          4          0          0          0         68   rt_errno_addr_intlibspace.o
         8          4          0          0          0         68   rt_heap_descriptor_intlibspace.o
        68          0          0          0          0         68   rt_memclr.o
        78          0          0          0          0         80   rt_memclr_w.o
       100          0          0          0          0         80   rt_memcpy_w.o
         2          0          0          0          0          0   rtexit.o
        10          0          0          0          0          0   rtexit2.o
        12          4          0          0          0         68   sys_exit.o
        74          0          0          0          0         80   sys_stackheap_outer.o
        14          0          0          0          0         76   sys_wrch.o
         2          0          0          0          0         68   use_no_semi.o
        24          0          0          0          0        116   dcmpi.o
       116          8          0          0          0        140   deqf.o
        72          0          0          0          0        232   dflt_clz.o
       120          8          0          0          0        140   dleqf.o
       258          4          0          0          0        156   dnaninf.o
       112          0          0          0          0        160   drenorm_clz.o
        12          0          0          0          0        116   dretinf.o
        98          0          0          0          0        128   drleqf.o
       378          0          0          0          0        168   dunder_clz.o
       492         36          0          0          0        148   except.o
       122          8          0          0          0        132   f2d.o
       242          4          0          0          0        144   fnaninf.o
        10          0          0          0          0        116   fpinit.o
       316          0          0          0          0        132   funder_clz.o
       178          0          0          0          0        116   retnan.o
       126          0          0          0          0        148   trapv.o
         0          0          0          0          0          0   usenofp.o
       280         46          0          0          0        176   acosf.o
       300         42          0          0          0        176   asinf.o
       684         90          0          0          0        208   atan2f.o
        20          0          0          0          0        124   fabs.o
        38          0          0          0          0        116   fpclassifyf.o
        44         12          0          0          0        464   funder.o
       120          0          0          0          0        272   sqrtf_full.o

    ----------------------------------------------------------------------
      8572        492       2052          0        100      43024   Library Totals
        18          0          0          0          4          0   (incl. Padding)

    ----------------------------------------------------------------------

      Code (inc. data)   RO Data    RW Data    ZI Data      Debug   Library Name

      2724         38       2052          0          0      36736   arm_cortexM4lf_math.lib
      1668        196          0          0         96       2460   c_w.l
      2676         68          0          0          0       2292   g_wm.l
      1486        190          0          0          0       1536   m_wm.l

    ----------------------------------------------------------------------
      8572        492       2052          0        100      43024   Library Totals

    ----------------------------------------------------------------------

==============================================================================


      Code (inc. data)   RO Data    RW Data    ZI Data      Debug   

     76488       4724       3168       1792      59880    1869193   Grand Totals
     76488       4724       3168        388      59880    1869193   ELF Image Totals (compressed)
     76488       4724       3168        388          0          0   ROM Totals

==============================================================================

    Total RO  Size (Code + RO Data)                79656 (  77.79kB)
    Total RW  Size (RW Data + ZI Data)             61672 (  60.23kB)
    Total ROM Size (Code + RO Data + RW Data)      80044 (  78.17kB)

==============================================================================

